bun test v1.2.18 (0d4089ea)

e2e\blog.spec.ts:

# Unhandled error between tests
-------------------------------
70 |     this.test = test;
71 |   }
72 |   _currentSuite(location, title) {
73 |     const suite = (0, import_globals.currentlyLoadingFileSuite)();
74 |     if (!suite) {
75 |       throw new Error([
                 ^
error: Playwright Test did not expect test.describe() to be called here.
Most common reasons include:
- You are calling test.describe() in a configuration file.
- You are calling test.describe() in a file that is imported by the configuration file.
- You have two different versions of @playwright/test. This usually happens
  when one of the dependencies in your package.json depends on @playwright/test.
      at _currentSuite (C:\dev\portfolio-frontend\node_modules\playwright\lib\common\testType.js:75:13)
      at _describe (C:\dev\portfolio-frontend\node_modules\playwright\lib\common\testType.js:115:24)
      at C:\dev\portfolio-frontend\e2e\blog.spec.ts:3:6
      at loadAndEvaluateModule (2:1)
-------------------------------


e2e\home.spec.ts:

# Unhandled error between tests
-------------------------------
70 |     this.test = test;
71 |   }
72 |   _currentSuite(location, title) {
73 |     const suite = (0, import_globals.currentlyLoadingFileSuite)();
74 |     if (!suite) {
75 |       throw new Error([
                 ^
error: Playwright Test did not expect test.describe() to be called here.
Most common reasons include:
- You are calling test.describe() in a configuration file.
- You are calling test.describe() in a file that is imported by the configuration file.
- You have two different versions of @playwright/test. This usually happens
  when one of the dependencies in your package.json depends on @playwright/test.
      at _currentSuite (C:\dev\portfolio-frontend\node_modules\playwright\lib\common\testType.js:75:13)
      at _describe (C:\dev\portfolio-frontend\node_modules\playwright\lib\common\testType.js:115:24)
      at C:\dev\portfolio-frontend\e2e\home.spec.ts:3:6
      at loadAndEvaluateModule (2:1)
-------------------------------


src\app\projects\page.test.tsx:

# Unhandled error between tests
-------------------------------
1 | import { describe, it, expect, vi, beforeEach } from "vitest";
2 | import { render } from "@testing-library/react";
3 | import { canRunTests, ensureDocumentBody } from "@/test/test-helpers";
4 | 
5 | // Mock Next.js modules
6 | vi.mock("next", () => ({
       ^
TypeError: vi.mock is not a function. (In 'vi.mock("next", () => ({
  Metadata: {}
}))', 'vi.mock' is undefined)
      at C:\dev\portfolio-frontend\src\app\projects\page.test.tsx:6:4
      at loadAndEvaluateModule (2:1)
-------------------------------


src\app\test\layout.integration.test.tsx:

# Unhandled error between tests
-------------------------------
3 |  */
4 | import { describe, it, expect, vi } from "vitest";
5 | import { render, screen } from "@testing-library/react";
6 | import RootLayout, { metadata, viewport } from "../layout";
7 | 
8 | vi.mock("../components/organisms/pwa/pwa-registration", () => ({
       ^
TypeError: vi.mock is not a function. (In 'vi.mock("../components/organisms/pwa/pwa-registration", () => ({
  default: () => jsxDEV_7x81h0kn("div", {
    "data-testid": "pwa-registration",
    children: "PWA"
  }, void 0, !1, void 0, this)
}))', 'vi.mock' is undefined)
      at C:\dev\portfolio-frontend\src\app\test\layout.integration.test.tsx:8:4
      at loadAndEvaluateModule (2:1)
-------------------------------


src\app\test\page.test.tsx:

# Unhandled error between tests
-------------------------------
1 | import { describe, it, expect, vi, beforeEach } from "vitest";
2 | import { render, screen } from "@testing-library/react";
3 | import { canRunTests, ensureDocumentBody } from "@/test/test-helpers";
4 | 
5 | // Mock Next.js modules
6 | vi.mock("next", () => ({
       ^
TypeError: vi.mock is not a function. (In 'vi.mock("next", () => ({
  Metadata: {}
}))', 'vi.mock' is undefined)
      at C:\dev\portfolio-frontend\src\app\test\page.test.tsx:6:4
      at loadAndEvaluateModule (2:1)
-------------------------------


src\app\test\robots.test.ts:
(pass) robots.ts > Default Configuration > should return robots configuration object
(pass) robots.ts > Default Configuration > should use default base URL when env var is not set
(pass) robots.ts > Default Configuration > should use NEXT_PUBLIC_BASE_URL when set
(pass) robots.ts > Universal Rules (*) > should have universal rule for all user agents
(pass) robots.ts > Universal Rules (*) > should allow public routes
(pass) robots.ts > Universal Rules (*) > should disallow private routes
(pass) robots.ts > Universal Rules (*) > should have crawl delay for universal rule
(pass) robots.ts > Googlebot Rules > should have specific rule for Googlebot
(pass) robots.ts > Googlebot Rules > should allow public routes for Googlebot
(pass) robots.ts > Googlebot Rules > should disallow private routes for Googlebot
(pass) robots.ts > Googlebot Rules > should have crawl delay for Googlebot
(pass) robots.ts > Googlebot-Image Rules > should have specific rule for Googlebot-Image
(pass) robots.ts > Googlebot-Image Rules > should allow image routes for Googlebot-Image
(pass) robots.ts > Googlebot-Mobile Rules > should have specific rule for Googlebot-Mobile
(pass) robots.ts > Googlebot-Mobile Rules > should allow public routes for Googlebot-Mobile
(pass) robots.ts > Bingbot Rules > should have specific rule for Bingbot
(pass) robots.ts > Bingbot Rules > should allow public routes for Bingbot
(pass) robots.ts > Bingbot Rules > should have crawl delay for Bingbot
(pass) robots.ts > Other Search Engine Bots > should have rule for Slurp (Yahoo)
(pass) robots.ts > Other Search Engine Bots > should have rule for DuckDuckBot
(pass) robots.ts > Other Search Engine Bots > should have rule for CCBot (Common Crawl)
(pass) robots.ts > Other Search Engine Bots > should have rule for AhrefsBot
(pass) robots.ts > Other Search Engine Bots > should have rule for SemrushBot
(pass) robots.ts > Other Search Engine Bots > should have rule for MJ12bot
(pass) robots.ts > GPTBot Blocking > should have rule for GPTBot
(pass) robots.ts > GPTBot Blocking > should disallow all routes for GPTBot
(pass) robots.ts > Sitemap Reference > should include sitemap URL
(pass) robots.ts > Sitemap Reference > should use correct base URL in sitemap
(pass) robots.ts > Host Configuration > should include host property
(pass) robots.ts > Host Configuration > should use correct base URL in host

src\app\test\sitemap.test.ts:
(pass) sitemap.ts > Default Configuration > should return sitemap array
(pass) sitemap.ts > Default Configuration > should use default base URL when env var is not set
(pass) sitemap.ts > Default Configuration > should use NEXT_PUBLIC_BASE_URL when set
(pass) sitemap.ts > Static Routes > should include home page
(pass) sitemap.ts > Static Routes > should include projects page
(pass) sitemap.ts > Static Routes > should include skills page
(pass) sitemap.ts > Static Routes > should include about page
(pass) sitemap.ts > Static Routes > should include contact page
(pass) sitemap.ts > Static Routes > should include resume page
(pass) sitemap.ts > Static Routes > should include blog page
(pass) sitemap.ts > Dynamic Project Routes > should include terminal-portfolio project
(pass) sitemap.ts > Dynamic Project Routes > should include ecommerce-platform project
(pass) sitemap.ts > Dynamic Project Routes > should include task-management project
(pass) sitemap.ts > Dynamic Project Routes > should include weather-dashboard project
(pass) sitemap.ts > Dynamic Project Routes > should include chat-application project
(pass) sitemap.ts > Dynamic Project Routes > should include portfolio-website project
(pass) sitemap.ts > Dynamic Project Routes > should have lastModified dates for projects
(pass) sitemap.ts > Technology Routes > should include react skill page
(pass) sitemap.ts > Technology Routes > should include nextjs skill page
(pass) sitemap.ts > Technology Routes > should include typescript skill page
(pass) sitemap.ts > Technology Routes > should include nodejs skill page
(pass) sitemap.ts > Technology Routes > should include javascript skill page
(pass) sitemap.ts > Technology Routes > should include python skill page
(pass) sitemap.ts > Service Routes > should include web-development service page
(pass) sitemap.ts > Service Routes > should include frontend-development service page
(pass) sitemap.ts > Service Routes > should include backend-development service page
(pass) sitemap.ts > Service Routes > should include full-stack-development service page
(pass) sitemap.ts > Service Routes > should include react-development service page
(pass) sitemap.ts > Service Routes > should include nextjs-development service page
(pass) sitemap.ts > Blog Routes > should include blog posts from API
(pass) sitemap.ts > Blog Routes > should set correct priority for dynamic blog posts
(pass) sitemap.ts > Blog Routes > should use updatedAt as lastModified for blog posts
(pass) sitemap.ts > Blog Routes > should have lastModified dates for all blog posts
(pass) sitemap.ts > Legal Routes > should include privacy-policy page
(pass) sitemap.ts > Legal Routes > should include terms-of-service page
(pass) sitemap.ts > Legal Routes > should include sitemap.xml reference
(pass) sitemap.ts > Route Properties > should have url property for all routes
(pass) sitemap.ts > Route Properties > should have lastModified property for all routes
(pass) sitemap.ts > Route Properties > should have changeFrequency property for all routes
(pass) sitemap.ts > Route Properties > should have priority property for all routes
(pass) sitemap.ts > Dynamic Blog Posts from API > should include blog posts from API response
Failed to fetch blog posts for sitemap: 447 |       );
448 |       expect(apiPost).toBeDefined();
449 |     });
450 | 
451 |     it("should handle API errors gracefully", async () => {
452 |       mockFetch.mockRejectedValueOnce(new Error("Network error"));
                                            ^
error: Network error
      at <anonymous> (C:\dev\portfolio-frontend\src\app\test\sitemap.test.ts:452:39)
      at <anonymous> (C:\dev\portfolio-frontend\src\app\test\sitemap.test.ts:451:47)

(pass) sitemap.ts > Dynamic Blog Posts from API > should handle API errors gracefully

src\hooks\test\hooks-utils.test.ts:
(pass) hookUtils > isClientSide > returns boolean
(pass) hookUtils > isClientSide > returns true in browser environment
(pass) hookUtils > generateId > produces a string
(pass) hookUtils > generateId > includes prefix when provided
(pass) hookUtils > generateId > generates unique ids
(pass) hookUtils > useMountRef > tracks mount state
(pass) hookUtils > useMountRef > sets to false on unmount
(pass) hookUtils > useLocalStorage > returns getValue, setValue, removeValue functions
(pass) hookUtils > useLocalStorage > returns default value when key not found
(pass) hookUtils > useLocalStorage > stores and retrieves value
(pass) hookUtils > useLocalStorage > removes value
(pass) hookUtils > useLocalStorage > handles complex objects
(pass) hookUtils > useTimerManager > sets and clears timers
(pass) hookUtils > useTimerManager > clears specific timer
(pass) hookUtils > useTimerManager > clears all timers
(pass) hookUtils > useTimerManager > replaces existing timer with same id
(pass) hookUtils > useIntervalManager > returns setInterval and clearInterval functions
(pass) hookUtils > safeDOMManipulation > schedules callback via requestAnimationFrame on client side
(pass) hookUtils > safeDOMManipulation > does not throw for DOM operations

src\hooks\test\use-animations.test.tsx:

# Unhandled error between tests
-------------------------------
1 | import { describe, it, expect, vi, beforeEach } from "vitest";
2 | import { renderHook, act } from "@testing-library/react";
3 | import { canRunTests, ensureDocumentBody } from "@/test/test-helpers";
4 | 
5 | // Mock accessibility provider used by the hook (path must match use-animations.ts)
6 | vi.mock("@/components/organisms/accessibility/accessibility-provider", () => ({
       ^
TypeError: vi.mock is not a function. (In 'vi.mock("@/components/organisms/accessibility/accessibility-provider", () => ({
  useAccessibility: () => ({ isReducedMotion: !1 })
}))', 'vi.mock' is undefined)
      at C:\dev\portfolio-frontend\src\hooks\test\use-animations.test.tsx:6:4
      at loadAndEvaluateModule (2:1)
-------------------------------


src\hooks\test\use-command-history.test.tsx:
(pass) useCommandHistory > adds and persists commands

src\hooks\test\use-command-suggestions.test.tsx:
(pass) useCommandSuggestions > initialization > initializes with empty suggestions for empty input
(pass) useCommandSuggestions > initialization > shows suggestions on empty input when showOnEmpty is true
(pass) useCommandSuggestions > initialization > returns isLoading state
(pass) useCommandSuggestions > suggestion matching > provides exact match suggestions
(pass) useCommandSuggestions > suggestion matching > provides prefix match suggestions
(pass) useCommandSuggestions > suggestion matching > provides fuzzy match suggestions
(pass) useCommandSuggestions > options > respects maxSuggestions option
(pass) useCommandSuggestions > options > respects minQueryLength option
(pass) useCommandSuggestions > suggestion structure > returns suggestions with required properties
(pass) useCommandSuggestions > updateCommandUsage > provides updateCommandUsage function
(pass) useCommandSuggestions > updateCommandUsage > records command execution without error
(pass) useCommandSuggestions > clearCache > provides clearCache function
(pass) useCommandSuggestions > clearCache > clears suggestion cache without error
(pass) useCommandSuggestions > getUserContext > provides getUserContext function
(pass) useCommandSuggestions > getUserContext > returns user context object
(pass) useCommandSuggestions > setUserContext > provides setUserContext function
(pass) useCommandSuggestions > debouncing > debounces input changes

src\hooks\test\use-debounced-value.test.tsx:
(pass) useDebouncedValue > debounces a changing value
(pass) useDebouncedValue > debounced callback calls after delay

src\hooks\test\use-font.test.tsx:
(pass) useFont > initializes and changes font

src\hooks\test\use-gestures.test.tsx:
(pass) useGestures > provides gesture handlers and pull state
(pass) useGestures > should initialize with default state
(pass) useGestures > should handle swipe right gesture
(pass) useGestures > should handle swipe left gesture
(pass) useGestures > should handle swipe up gesture
(pass) useGestures > should handle swipe down gesture
(pass) useGestures > should handle long press gesture
(pass) useGestures > should cancel long press when moved
(pass) useGestures > should handle double tap gesture
(pass) useGestures > should handle pinch out gesture
(pass) useGestures > should handle pinch in gesture
(pass) useGestures > should track pull to refresh state
(pass) useGestures > should reset pull distance on touch end
(pass) useGestures > should accept custom config
(pass) useGestures > should prevent context menu on long press [16.00ms]
(pass) useGestures > should return correct styles for touch action
(pass) useTerminalGestures > adds to history and triggers commands
(pass) useTerminalGestures > exposes show quick commands state
(pass) useTerminalGestures > exposes pull refreshing state
(pass) useTerminalGestures > deduplicates command history on separate updates
(pass) useTerminalGestures > limits command history to 20 items
(pass) useTerminalGestures > provides gesture handlers
(pass) useTerminalGestures > does not add empty commands to history

src\hooks\test\use-history.test.tsx:
(pass) useEnhancedHistory > adds, toggles favorite and provides suggestions

src\hooks\test\use-i18n.test.tsx:
(pass) useI18n > initialization > exposes i18n helpers
(pass) useI18n > initialization > should have default locale set to en_US
(pass) useI18n > initialization > should expose all required functions
(pass) useI18n > translation function > should translate common keys correctly in en_US
(pass) useI18n > translation function > should translate navigation keys correctly
(pass) useI18n > translation function > should return key if translation not found
(pass) useI18n > translation function > should use fallback with tWithFallback
(pass) useI18n > locale switching > should change locale to Indonesian
(pass) useI18n > locale switching > should change locale to Spanish
(pass) useI18n > locale switching > should handle regional variants (en_GB -> en_US)
(pass) useI18n > locale switching > should return false for unsupported locale
(pass) useI18n > locale switching > should normalize locale codes with hyphen to underscore
(pass) useI18n > supported locales > should return list of supported locales
(pass) useI18n > supported locales > should check if locale is supported
(pass) useI18n > supported locales > should get locale info
(pass) useI18n > RTL support > should detect RTL for Arabic locale
(pass) useI18n > RTL support > should detect LTR for English locale
(pass) useI18n > current locale config > should return current locale config
(pass) useI18n > current locale config > should update config when locale changes

src\hooks\test\use-mobile.test.tsx:
(pass) useMobile > returns a default mobile state and updates on resize

src\hooks\test\use-security.test.tsx:

# Unhandled error between tests
-------------------------------
2 | import { renderHook, act } from "@testing-library/react";
3 | import { useSecurity, useSecurityMonitoring } from "@/hooks/use-security";
4 | import { canRunTests, ensureDocumentBody } from "@/test/test-helpers";
5 | 
6 | // Mock tRPC
7 | vi.mock("@/lib/trpc", () => ({
       ^
TypeError: vi.mock is not a function. (In 'vi.mock("@/lib/trpc", () => ({
  trpc: null
}))', 'vi.mock' is undefined)
      at C:\dev\portfolio-frontend\src\hooks\test\use-security.test.tsx:7:4
      at loadAndEvaluateModule (2:1)
-------------------------------


src\hooks\test\use-terminal-shortcuts.test.tsx:

# Unhandled error between tests
-------------------------------
4 | import { describe, it, expect, vi, beforeEach } from "vitest";
5 | import { renderHook, act } from "@testing-library/react";
6 | import { useTerminalShortcuts } from "@/hooks/use-terminal-shortcuts";
7 | import { canRunTests, ensureDocumentBody } from "@/test/test-helpers";
8 | 
9 | vi.mock("@/hooks/use-command-history", () => ({
       ^
TypeError: vi.mock is not a function. (In 'vi.mock("@/hooks/use-command-history", () => ({
  useCommandHistory: () => ({ getSuggestions: () => [] })
}))', 'vi.mock' is undefined)
      at C:\dev\portfolio-frontend\src\hooks\test\use-terminal-shortcuts.test.tsx:9:4
      at loadAndEvaluateModule (2:1)
-------------------------------


src\hooks\test\use-terminal.test.tsx:

# Unhandled error between tests
-------------------------------
4 | import { describe, it, expect, vi, beforeEach } from "vitest";
5 | import { renderHook, act } from "@testing-library/react";
6 | import { useTerminal } from "@/hooks/use-terminal";
7 | import { canRunTests, ensureDocumentBody } from "@/test/test-helpers";
8 | 
9 | vi.mock("@/lib/commands/skills-commands", () => ({ skillsCommand: null }));
       ^
TypeError: vi.mock is not a function. (In 'vi.mock("@/lib/commands/skills-commands", () => ({ skillsCommand: null }))', 'vi.mock' is undefined)
      at C:\dev\portfolio-frontend\src\hooks\test\use-terminal.test.tsx:9:4
      at loadAndEvaluateModule (2:1)
-------------------------------


src\hooks\test\use-theme.test.tsx:
(pass) useTheme > initialization > initializes with default theme
(pass) useTheme > initialization > returns theme config object
(pass) useTheme > initialization > has no error on initialization
(pass) useTheme > initialization > provides list of available themes
(pass) useTheme > changeTheme > changes theme to valid theme name
(pass) useTheme > changeTheme > returns false for invalid theme
(pass) useTheme > changeTheme > sets error for invalid theme
(pass) useTheme > clearError > clears existing error
(pass) useTheme > getThemeInfo > returns current theme info when no argument
(pass) useTheme > getThemeInfo > returns specific theme info when name provided
(pass) useTheme > isThemeActive > returns true for current theme
(pass) useTheme > isThemeActive > returns false for non-current theme
(pass) useTheme > validateTheme > exposes validateTheme function
(pass) useTheme > theme metrics > provides theme metrics object [15.00ms]
(pass) useTheme > theme metrics > tracks switch count
(pass) useTheme > getPerformanceReport > returns performance report object
(pass) useTheme > resetPerformanceMetrics > resets performance metrics
(pass) useTheme > mounted state > tracks mounted state

src\hooks\test\use-timer-manager.test.tsx:
(pass) useTimerManager > setTimeout > sets and clears timeouts
(pass) useTimerManager > setTimeout > generates unique id when not provided
(pass) useTimerManager > setTimeout > clears timeout by id
(pass) useTimerManager > setTimeout > replaces existing timeout with same id
(pass) useTimerManager > setTimeout > handles callback errors gracefully
(pass) useTimerManager > setInterval > sets and clears intervals
(pass) useTimerManager > setInterval > generates unique id for intervals
(pass) useTimerManager > setInterval > clears interval by id
(pass) useTimerManager > setInterval > replaces existing interval with same id
(pass) useTimerManager > clearAll methods > clearAllTimeouts clears all pending timeouts
(pass) useTimerManager > clearAll methods > clearAllIntervals clears all pending intervals
(pass) useTimerManager > clearAll methods > clearAll clears all timeouts and intervals and errors
(pass) useTimerManager > error handling > tracks errors when callback throws
(pass) useTimerManager > error handling > clearErrors clears all tracked errors
(pass) useTimerManager > error handling > clears error when timer succeeds after previous failure
(pass) useTimerManager > cleanup on unmount > clears all timers on unmount
(pass) useAnimationFrame > requests animation frame
(pass) useAnimationFrame > cancels animation frame
(pass) useAnimationFrame > cancels previous frame when requesting new one
(pass) useAnimationFrame > cleans up on unmount
(pass) useDebounce > debounces function calls
(pass) useDebounce > resets timer on each call
(pass) useDebounce > calls function with latest arguments
(pass) useThrottle > executes immediately on first call
(pass) useThrottle > throttles subsequent calls within delay period
(pass) useThrottle > schedules trailing call
(pass) useThrottle > allows new call after delay expires

src\hooks\test\use-toast.test.tsx:
(pass) useToast > toast creation > creates and dismisses a toast via manager
(pass) useToast > toast creation > creates toast with title and description
(pass) useToast > toast creation > creates toast with all properties
(pass) useToast > toast updates > updates an existing toast
(pass) useToast > toast dismissal > dismisses a specific toast
(pass) useToast > toast dismissal > dismisses all toasts when no id provided
(pass) useToast > hook return values > returns toasts array
(pass) useToast > hook return values > returns toast and dismiss functions

src\hooks\test\use-tour.test.tsx:

# Unhandled error between tests
-------------------------------
4 | import { describe, it, expect, vi, beforeEach } from "vitest";
5 | import { renderHook, act } from "@testing-library/react";
6 | import { useTour } from "@/hooks/use-tour";
7 | import { canRunTests, ensureDocumentBody } from "@/test/test-helpers";
8 | 
9 | vi.mock("@/components/organisms/onboarding/tour-steps", () => ({
       ^
TypeError: vi.mock is not a function. (In 'vi.mock("@/components/organisms/onboarding/tour-steps", () => ({
  TOUR_STEPS: [{ id: "step1", target: "#test", content: "Test" }],
  TOUR_STORAGE_KEY: "tour-storage-test",
  TOUR_VERSION: "1"
}))', 'vi.mock' is undefined)
      at C:\dev\portfolio-frontend\src\hooks\test\use-tour.test.tsx:9:4
      at loadAndEvaluateModule (2:1)
-------------------------------


src\hooks\test\useI18n.test.tsx:

# Unhandled error between tests
-------------------------------
3 |  */
4 | import { describe, it, expect, vi, beforeEach } from "vitest";
5 | import { renderHook } from "@testing-library/react";
6 | import { useI18n } from "@/hooks/useI18n";
7 | 
8 | vi.mock("@/lib/i18n/i18n-service", () => ({
       ^
TypeError: vi.mock is not a function. (In 'vi.mock("@/lib/i18n/i18n-service", () => ({
  i18n: {
    getCurrentLocale: () => "en",
    isRTL: () => !1,
    subscribe: (cb) => {
      cb("en");
      return () => {};
    },
    updateDocumentDirection: vi.fn(),
    tWithFallback: (key, fallback) => fallback ?? key,
    setLocale: vi.fn(() => !0),
    getCurrentLocaleConfig: () => ({}),
    getSupportedLocales: () => ["en"],
    isLocaleSupported: () => !0,
    getLocaleInfo: () => ({})
  },
  t: (key) => key
}))', 'vi.mock' is undefined)
      at C:\dev\portfolio-frontend\src\hooks\test\useI18n.test.tsx:8:4
      at loadAndEvaluateModule (2:1)
-------------------------------


src\middleware\test\middleware.test.ts:
(pass) middleware > basic functionality > should be defined and exportable
{"level":"info","time":1771480017265,"pid":20008,"hostname":"Dimas-pc","component":"middleware","timestamp":"2026-02-19T05:46:57.264Z","level":"info","message":"GET / 200 - 1ms","method":"GET","path":"/","statusCode":200,"responseTime":1,"context":{"environment":"staging","hostname":"Dimas-pc","requestId":"0fb36d69-fdc9-4411-9e15-f611b380414b"},"metadata":{"userAgent":"Mozilla/5.0 (Windows NT 10.0; Win64; x64) AppleWebKit/537.36","referer":null,"deviceType":"desktop"}}
(pass) middleware > basic functionality > should return a NextResponse
{"level":"info","time":1771480017266,"pid":20008,"hostname":"Dimas-pc","component":"middleware","timestamp":"2026-02-19T05:46:57.266Z","level":"info","message":"GET / 200 - 0ms","method":"GET","path":"/","statusCode":200,"responseTime":0,"context":{"environment":"staging","hostname":"Dimas-pc","requestId":"be4073e4-3346-437d-b02b-d5c75fe1bb2f"},"metadata":{"userAgent":"Mozilla/5.0 (Windows NT 10.0; Win64; x64) AppleWebKit/537.36","referer":null,"deviceType":"desktop"}}
(pass) middleware > basic functionality > should handle basic request without errors
{"level":"info","time":1771480017267,"pid":20008,"hostname":"Dimas-pc","component":"middleware","timestamp":"2026-02-19T05:46:57.267Z","level":"info","message":"GET / 200 - 0ms","method":"GET","path":"/","statusCode":200,"responseTime":0,"context":{"environment":"staging","hostname":"Dimas-pc","requestId":"0cb18206-c449-4b06-84ac-42bafd165432"},"metadata":{"userAgent":"Mozilla/5.0 (Windows NT 10.0; Win64; x64) AppleWebKit/537.36","referer":null,"deviceType":"desktop"}}
(pass) middleware > security headers > should set security headers
{"level":"info","time":1771480017268,"pid":20008,"hostname":"Dimas-pc","component":"middleware","timestamp":"2026-02-19T05:46:57.268Z","level":"info","message":"GET / 200 - 0ms","method":"GET","path":"/","statusCode":200,"responseTime":0,"context":{"environment":"staging","hostname":"Dimas-pc","requestId":"90e30c1d-ef53-4e1c-b6f4-16e82b08b7d0"},"metadata":{"userAgent":"Mozilla/5.0 (Windows NT 10.0; Win64; x64) AppleWebKit/537.36","referer":null,"deviceType":"desktop"}}
(pass) middleware > security headers > should handle security configuration
{"level":"info","time":1771480017270,"pid":20008,"hostname":"Dimas-pc","component":"middleware","timestamp":"2026-02-19T05:46:57.269Z","level":"info","message":"GET / 200 - 0ms","method":"GET","path":"/","statusCode":200,"responseTime":0,"context":{"environment":"staging","hostname":"Dimas-pc","requestId":"ea13925f-67fe-49a4-9676-23376c3895ed"},"metadata":{"userAgent":"Mozilla/5.0 (Windows NT 10.0; Win64; x64) AppleWebKit/537.36","referer":null,"deviceType":"desktop"}}
(pass) middleware > security headers > should handle CORS configuration
{"level":"info","time":1771480017271,"pid":20008,"hostname":"Dimas-pc","component":"middleware","timestamp":"2026-02-19T05:46:57.271Z","level":"info","message":"GET / 200 - 1ms","method":"GET","path":"/","statusCode":200,"responseTime":1,"context":{"environment":"staging","hostname":"Dimas-pc","requestId":"c0e87485-6353-4845-a280-dc83dbdbe79d"},"metadata":{"userAgent":"Mozilla/5.0 (Windows NT 10.0; Win64; x64) AppleWebKit/537.36","referer":null,"deviceType":"desktop"}}
(pass) middleware > device detection > should handle desktop device
{"level":"info","time":1771480017272,"pid":20008,"hostname":"Dimas-pc","component":"middleware","timestamp":"2026-02-19T05:46:57.272Z","level":"info","message":"GET / 200 - 0ms","method":"GET","path":"/","statusCode":200,"responseTime":0,"context":{"environment":"staging","hostname":"Dimas-pc","requestId":"0fc8e194-6131-4577-bde4-a65becfa271d"},"metadata":{"userAgent":"Mozilla/5.0 (iPhone; CPU iPhone OS 14_0 like Mac OS X) AppleWebKit/605.1.15","referer":null,"deviceType":"desktop"}}
(pass) middleware > device detection > should handle mobile device
{"level":"info","time":1771480017273,"pid":20008,"hostname":"Dimas-pc","component":"middleware","timestamp":"2026-02-19T05:46:57.273Z","level":"info","message":"GET / 200 - 1ms","method":"GET","path":"/","statusCode":200,"responseTime":1,"context":{"environment":"staging","hostname":"Dimas-pc","requestId":"f76dba34-0f29-4806-8811-bf2062de3ac5"},"metadata":{"userAgent":"Mozilla/5.0 (iPad; CPU OS 14_0 like Mac OS X) AppleWebKit/605.1.15","referer":null,"deviceType":"tablet"}}
(pass) middleware > device detection > should handle tablet device
{"level":"info","time":1771480017274,"pid":20008,"hostname":"Dimas-pc","component":"middleware","timestamp":"2026-02-19T05:46:57.274Z","level":"info","message":"GET / 200 - 1ms","method":"GET","path":"/","statusCode":200,"responseTime":1,"context":{"environment":"staging","hostname":"Dimas-pc","requestId":"f6f721b5-0e8d-4128-bdaf-7e762ac45992"},"metadata":{"userAgent":"Mozilla/5.0 (Windows NT 10.0; Win64; x64) AppleWebKit/537.36 (KHTML, like Gecko) Chrome/91.0.4472.124 Safari/537.36","referer":null,"deviceType":"desktop"}}
(pass) middleware > browser detection > should handle Chrome browser
{"level":"info","time":1771480017274,"pid":20008,"hostname":"Dimas-pc","component":"middleware","timestamp":"2026-02-19T05:46:57.274Z","level":"info","message":"GET / 200 - 0ms","method":"GET","path":"/","statusCode":200,"responseTime":0,"context":{"environment":"staging","hostname":"Dimas-pc","requestId":"467c0315-9b51-4887-8337-3417c619691f"},"metadata":{"userAgent":"Mozilla/5.0 (Windows NT 10.0; Win64; x64; rv:89.0) Gecko/20100101 Firefox/89.0","referer":null,"deviceType":"desktop"}}
(pass) middleware > browser detection > should handle Firefox browser
{"level":"info","time":1771480017275,"pid":20008,"hostname":"Dimas-pc","component":"middleware","timestamp":"2026-02-19T05:46:57.275Z","level":"info","message":"GET / 200 - 0ms","method":"GET","path":"/","statusCode":200,"responseTime":0,"context":{"environment":"staging","hostname":"Dimas-pc","requestId":"a6c0d388-7bbc-44b1-96ae-635f548d6a07"},"metadata":{"userAgent":"Mozilla/5.0 (Macintosh; Intel Mac OS X 10_15_7) AppleWebKit/605.1.15 (KHTML, like Gecko) Version/14.1.1 Safari/605.1.15","referer":null,"deviceType":"desktop"}}
(pass) middleware > browser detection > should handle Safari browser
{"level":"info","time":1771480017276,"pid":20008,"hostname":"Dimas-pc","component":"middleware","timestamp":"2026-02-19T05:46:57.276Z","level":"info","message":"GET / 200 - 0ms","method":"GET","path":"/","statusCode":200,"responseTime":0,"context":{"environment":"staging","hostname":"Dimas-pc","requestId":"b8398ac2-3733-4c9f-bd4d-54bb56973d5a"},"metadata":{"userAgent":"Mozilla/5.0 (Windows NT 10.0; Win64; x64) AppleWebKit/537.36","referer":null,"deviceType":"desktop"}}
(pass) middleware > performance optimizations > should handle performance headers
{"level":"info","time":1771480017277,"pid":20008,"hostname":"Dimas-pc","component":"middleware","timestamp":"2026-02-19T05:46:57.277Z","level":"info","message":"GET / 200 - 0ms","method":"GET","path":"/","statusCode":200,"responseTime":0,"context":{"environment":"staging","hostname":"Dimas-pc","requestId":"0d784941-3833-42da-8707-d3762c7def2e"},"metadata":{"userAgent":"Mozilla/5.0 (Windows NT 10.0; Win64; x64) AppleWebKit/537.36","referer":null,"deviceType":"desktop"}}
(pass) middleware > performance optimizations > should handle compression support
{"level":"info","time":1771480017278,"pid":20008,"hostname":"Dimas-pc","component":"middleware","timestamp":"2026-02-19T05:46:57.278Z","level":"info","message":"GET / 200 - 0ms","method":"GET","path":"/","statusCode":200,"responseTime":0,"context":{"environment":"staging","hostname":"Dimas-pc","requestId":"593192be-88ef-4e8a-aa52-ad1ff0802032"},"metadata":{"userAgent":"Mozilla/5.0 (Windows NT 10.0; Win64; x64) AppleWebKit/537.36","referer":null,"deviceType":"desktop"}}
(pass) middleware > performance optimizations > should handle response time tracking
{"level":"info","time":1771480017278,"pid":20008,"hostname":"Dimas-pc","component":"middleware","timestamp":"2026-02-19T05:46:57.278Z","level":"info","message":"GET /api/test 200 - 0ms","method":"GET","path":"/api/test","statusCode":200,"responseTime":0,"context":{"environment":"staging","hostname":"Dimas-pc","requestId":"bcab0691-6032-4fd3-ab29-83fe9b4f23ee"},"metadata":{"userAgent":"Mozilla/5.0","referer":null,"deviceType":"desktop"}}
(pass) middleware > cache optimization > should handle API routes caching
{"level":"info","time":1771480017279,"pid":20008,"hostname":"Dimas-pc","component":"middleware","timestamp":"2026-02-19T05:46:57.279Z","level":"info","message":"GET /_next/static/test.js 200 - 0ms","method":"GET","path":"/_next/static/test.js","statusCode":200,"responseTime":0,"context":{"environment":"staging","hostname":"Dimas-pc","requestId":"da2d50a5-9f0e-4cb1-aa2e-aec39d33f049"},"metadata":{"userAgent":"Mozilla/5.0","referer":null,"deviceType":"desktop"}}
(pass) middleware > cache optimization > should handle static assets caching
{"level":"info","time":1771480017280,"pid":20008,"hostname":"Dimas-pc","component":"middleware","timestamp":"2026-02-19T05:46:57.280Z","level":"info","message":"GET /projects 200 - 0ms","method":"GET","path":"/projects","statusCode":200,"responseTime":0,"context":{"environment":"staging","hostname":"Dimas-pc","requestId":"00eadc8a-41ca-40f1-aba0-67c49dbf38d1"},"metadata":{"userAgent":"Mozilla/5.0","referer":null,"deviceType":"desktop"}}
(pass) middleware > cache optimization > should handle main pages caching
{"level":"info","time":1771480017281,"pid":20008,"hostname":"Dimas-pc","component":"middleware","timestamp":"2026-02-19T05:46:57.281Z","level":"info","message":"GET / 200 - 0ms","method":"GET","path":"/","statusCode":200,"responseTime":0,"context":{"environment":"staging","hostname":"Dimas-pc","requestId":"a154a028-eaa8-4adb-b2c6-90885418bf04"},"metadata":{"userAgent":"Mozilla/5.0 (Windows NT 10.0; Win64; x64) AppleWebKit/537.36","referer":null,"deviceType":"desktop"}}
(pass) middleware > A/B testing > should handle experiment variant cookies
{"level":"info","time":1771480017282,"pid":20008,"hostname":"Dimas-pc","component":"middleware","timestamp":"2026-02-19T05:46:57.282Z","level":"info","message":"GET / 200 - 0ms","method":"GET","path":"/","statusCode":200,"responseTime":0,"context":{"environment":"staging","hostname":"Dimas-pc","requestId":"a35dae3f-c929-442c-9877-522d085575ef"},"metadata":{"userAgent":"Mozilla/5.0","referer":null,"deviceType":"desktop"}}
(pass) middleware > A/B testing > should handle existing experiment variant cookie [16.00ms]
{"level":"info","time":1771480017283,"pid":20008,"hostname":"Dimas-pc","component":"middleware","timestamp":"2026-02-19T05:46:57.283Z","level":"info","message":"GET / 200 - 0ms","method":"GET","path":"/","statusCode":200,"responseTime":0,"context":{"environment":"staging","hostname":"Dimas-pc","requestId":"1a711021-d532-4dec-b286-e92cd259c84d"},"metadata":{"userAgent":"Mozilla/5.0 (Windows NT 10.0; Win64; x64) AppleWebKit/537.36","referer":null,"deviceType":"desktop"}}
(pass) middleware > geolocation > should handle geo headers
{"level":"info","time":1771480017284,"pid":20008,"hostname":"Dimas-pc","component":"middleware","timestamp":"2026-02-19T05:46:57.284Z","level":"info","message":"GET / 200 - 0ms","method":"GET","path":"/","statusCode":200,"responseTime":0,"context":{"environment":"staging","hostname":"Dimas-pc","requestId":"b9023a42-8d8e-4b15-a34e-464ad175b6c2"},"metadata":{"userAgent":"Mozilla/5.0","referer":null,"deviceType":"desktop"}}
(pass) middleware > theme detection > should handle dark theme preference
{"level":"info","time":1771480017285,"pid":20008,"hostname":"Dimas-pc","component":"middleware","timestamp":"2026-02-19T05:46:57.285Z","level":"info","message":"GET / 200 - 0ms","method":"GET","path":"/","statusCode":200,"responseTime":0,"context":{"environment":"staging","hostname":"Dimas-pc","requestId":"9a641d56-ccb9-45f0-a18b-385bc8894376"},"metadata":{"userAgent":"Mozilla/5.0","referer":null,"deviceType":"desktop"}}
(pass) middleware > theme detection > should handle light theme preference
{"level":"info","time":1771480017286,"pid":20008,"hostname":"Dimas-pc","component":"middleware","timestamp":"2026-02-19T05:46:57.286Z","level":"info","message":"GET /etc/passwd 200 - 0ms","method":"GET","path":"/etc/passwd","statusCode":200,"responseTime":0,"context":{"environment":"staging","hostname":"Dimas-pc","requestId":"8c37dcbb-3cdb-4406-a444-3a9f26bf0f88"},"metadata":{"userAgent":"Mozilla/5.0","referer":null,"deviceType":"desktop"}}
(pass) middleware > suspicious request detection > should handle suspicious requests with path traversal
{"level":"info","time":1771480017288,"pid":20008,"hostname":"Dimas-pc","component":"middleware","timestamp":"2026-02-19T05:46:57.288Z","level":"info","message":"GET /test 200 - 1ms","method":"GET","path":"/test","statusCode":200,"responseTime":1,"context":{"environment":"staging","hostname":"Dimas-pc","requestId":"83dcb318-6468-40c7-bb03-a1dedd8f8c19"},"metadata":{"userAgent":"Mozilla/5.0","referer":null,"deviceType":"desktop"}}
(pass) middleware > suspicious request detection > should handle suspicious requests with XSS attempts
{"level":"warn","time":1771480017289,"pid":20008,"hostname":"Dimas-pc","component":"middleware","timestamp":"2026-02-19T05:46:57.289Z","level":"warn","message":"Suspicious request detected","context":{"environment":"staging","hostname":"Dimas-pc","requestId":"5b8989a0-b6ab-4b7a-8724-76b61138a1fa","url":"http://localhost:3000/test?q=union%20select%20*%20from%20users"},"metadata":{"ip":"Unknown","userAgent":"Mozilla/5.0","suspiciousPatterns":["/union.*select/i"]}}
{"level":"info","time":1771480017289,"pid":20008,"hostname":"Dimas-pc","component":"middleware","timestamp":"2026-02-19T05:46:57.289Z","level":"info","message":"GET /test 200 - 0ms","method":"GET","path":"/test","statusCode":200,"responseTime":0,"context":{"environment":"staging","hostname":"Dimas-pc","requestId":"4d9cb688-f5a8-41b7-b4be-e9c2e075dd4d"},"metadata":{"userAgent":"Mozilla/5.0","referer":null,"deviceType":"desktop"}}
(pass) middleware > suspicious request detection > should handle suspicious requests with SQL injection
{"level":"info","time":1771480017290,"pid":20008,"hostname":"Dimas-pc","component":"middleware","timestamp":"2026-02-19T05:46:57.290Z","level":"info","message":"GET / 200 - 0ms","method":"GET","path":"/","statusCode":200,"responseTime":0,"context":{"environment":"staging","hostname":"Dimas-pc","requestId":"40b239b3-64c9-4708-b898-b27804f9f822"},"metadata":{"userAgent":"Mozilla/5.0","referer":null,"deviceType":"desktop"}}
(pass) middleware > RUM setup > should handle RUM for homepage
{"level":"info","time":1771480017291,"pid":20008,"hostname":"Dimas-pc","component":"middleware","timestamp":"2026-02-19T05:46:57.291Z","level":"info","message":"GET /about 200 - 0ms","method":"GET","path":"/about","statusCode":200,"responseTime":0,"context":{"environment":"staging","hostname":"Dimas-pc","requestId":"29955dd6-7e0b-4e1d-8cd6-160e46d23604"},"metadata":{"userAgent":"Mozilla/5.0","referer":null,"deviceType":"desktop"}}
(pass) middleware > RUM setup > should handle RUM for other pages
{"level":"info","time":1771480017292,"pid":20008,"hostname":"Dimas-pc","component":"middleware","timestamp":"2026-02-19T05:46:57.292Z","level":"info","message":"GET / 200 - 1ms","method":"GET","path":"/","statusCode":200,"responseTime":1,"context":{"environment":"staging","hostname":"Dimas-pc","requestId":"c08952f4-10c7-4300-b7ba-356359f9058c"},"metadata":{"userAgent":null,"referer":null,"deviceType":"desktop"}}
(pass) middleware > error handling > should handle missing headers gracefully
{"level":"info","time":1771480017292,"pid":20008,"hostname":"Dimas-pc","component":"middleware","timestamp":"2026-02-19T05:46:57.292Z","level":"info","message":"GET / 200 - 0ms","method":"GET","path":"/","statusCode":200,"responseTime":0,"context":{"environment":"staging","hostname":"Dimas-pc","requestId":"43efd299-9b07-490c-993b-14cd175c5cc6"},"metadata":{"userAgent":"Mozilla/5.0 (Windows NT 10.0; Win64; x64) AppleWebKit/537.36","referer":null,"deviceType":"desktop"}}
(pass) middleware > error handling > should handle missing environment variables
(pass) middleware > middleware configuration > should have proper config export
(pass) middleware > middleware configuration > should have proper matcher configuration

src\app\admin\dashboard\page.test.tsx:

# Unhandled error between tests
-------------------------------
11 |   back: vi.fn(),
12 |   forward: vi.fn(),
13 |   refresh: vi.fn(),
14 | };
15 | 
16 | vi.mock("next/navigation", () => ({
        ^
TypeError: vi.mock is not a function. (In 'vi.mock("next/navigation", () => ({
  useRouter: () => mockRouter
}))', 'vi.mock' is undefined)
      at C:\dev\portfolio-frontend\src\app\admin\dashboard\page.test.tsx:16:4
      at loadAndEvaluateModule (2:1)
-------------------------------


src\app\admin\login\page.test.tsx:

# Unhandled error between tests
-------------------------------
12 |   back: vi.fn(),
13 |   forward: vi.fn(),
14 |   refresh: vi.fn(),
15 | };
16 | 
17 | vi.mock("next/navigation", () => ({
        ^
TypeError: vi.mock is not a function. (In 'vi.mock("next/navigation", () => ({
  useRouter: () => mockRouter
}))', 'vi.mock' is undefined)
      at C:\dev\portfolio-frontend\src\app\admin\login\page.test.tsx:17:4
      at loadAndEvaluateModule (2:1)
-------------------------------


src\app\admin\test\layout.test.tsx:

# Unhandled error between tests
-------------------------------
13 |   back: vi.fn(),
14 |   forward: vi.fn(),
15 |   refresh: vi.fn(),
16 | };
17 | 
18 | vi.mock("next/navigation", () => ({
        ^
TypeError: vi.mock is not a function. (In 'vi.mock("next/navigation", () => ({
  useRouter: () => mockRouter,
  usePathname: () => mockPathname()
}))', 'vi.mock' is undefined)
      at C:\dev\portfolio-frontend\src\app\admin\test\layout.test.tsx:18:4
      at loadAndEvaluateModule (2:1)
-------------------------------


src\app\admin\test\page.test.tsx:

# Unhandled error between tests
-------------------------------
11 |   back: vi.fn(),
12 |   forward: vi.fn(),
13 |   refresh: vi.fn(),
14 | };
15 | 
16 | vi.mock("next/navigation", () => ({
        ^
TypeError: vi.mock is not a function. (In 'vi.mock("next/navigation", () => ({
  useRouter: () => mockRouter
}))', 'vi.mock' is undefined)
      at C:\dev\portfolio-frontend\src\app\admin\test\page.test.tsx:16:4
      at loadAndEvaluateModule (2:1)
-------------------------------


src\app\blog\test\page.integration.test.tsx:

# Unhandled error between tests
-------------------------------
3 |  */
4 | import { describe, it, expect, vi, beforeEach } from "vitest";
5 | import { render, screen } from "@testing-library/react";
6 | import BlogPage from "../page";
7 | 
8 | vi.stubGlobal(
       ^
TypeError: vi.stubGlobal is not a function. (In 'vi.stubGlobal("fetch", vi.fn(function defaultFetch() {
  return Promise.resolve({ ok: !1 });
}))', 'vi.stubGlobal' is undefined)
      at C:\dev\portfolio-frontend\src\app\blog\test\page.integration.test.tsx:8:4
      at loadAndEvaluateModule (2:1)
-------------------------------


src\components\monitoring\test\web-vitals-monitor.test.tsx:

# Unhandled error between tests
-------------------------------
4 | import { describe, it, expect, vi, beforeEach } from "vitest";
5 | import { render } from "@testing-library/react";
6 | import { WebVitalsMonitor } from "@/components/monitoring/web-vitals-monitor";
7 | 
8 | const mockInitWebVitals = vi.fn();
9 | vi.mock("@/lib/logger/web-vitals", () => ({
       ^
TypeError: vi.mock is not a function. (In 'vi.mock("@/lib/logger/web-vitals", () => ({
  initWebVitals: (...args) => mockInitWebVitals(...args)
}))', 'vi.mock' is undefined)
      at C:\dev\portfolio-frontend\src\components\monitoring\test\web-vitals-monitor.test.tsx:9:4
      at loadAndEvaluateModule (2:1)
-------------------------------


src\lib\auth\test\auth-context.test.tsx:

# Unhandled error between tests
-------------------------------
17 | const mockRefresh = vi.fn();
18 | 
19 | // Use factory function to preserve real module structure
20 | // This mock only affects imports within this test file
21 | // For Bun compatibility, use require instead of importActual in factory
22 | vi.mock("@/lib/auth/auth-service", () => {
        ^
TypeError: vi.mock is not a function. (In 'vi.mock("@/lib/auth/auth-service", () => {
  let actual = {};
  try {
    actual = require("@/lib/auth/auth-service");
  } catch (e) {
    console.error(e);
    actual = {};
  }
  return {
    ...actual,
    authService: {
      initialize: mockInitialize,
      getCurrentUser: mockGetCurrentUser,
      isAuthenticated: mockIsAuthenticated,
      login: mockLogin,
      logout: mockLogout,
      refresh: mockRefresh
    }
  };
})', 'vi.mock' is undefined)
      at C:\dev\portfolio-frontend\src\lib\auth\test\auth-context.test.tsx:22:4
      at loadAndEvaluateModule (2:1)
-------------------------------


src\lib\auth\test\auth-service.test.ts:
(pass) AuthService > isAuthenticated > should return true when user is authenticated
(pass) AuthService > isAuthenticated > should return false when user is not authenticated
(pass) AuthService > getCurrentUser > should return current user
(pass) AuthService > getCurrentUser > should return null when no user
(pass) AuthService > getAccessToken > should return access token
(pass) AuthService > getAccessToken > should return null when no token

src\lib\auth\test\index.test.ts:
(pass) auth/index.ts > Exports > should export authService
(pass) auth/index.ts > Exports > should export AuthProvider
(pass) auth/index.ts > Exports > should export useAuth
(pass) auth/index.ts > Exports > should export types

src\lib\auth\test\secure-auth.test.ts:
(pass) SecureAuth > Cookie Management > should get cookie value
(pass) SecureAuth > Cookie Management > should return null for non-existent cookie
(pass) SecureAuth > Cookie Management > should set cookie with default config
(pass) SecureAuth > Cookie Management > should set cookie with custom config
(pass) SecureAuth > Cookie Management > should remove cookie
(pass) SecureAuth > Authentication > should verify authentication successfully
(pass) SecureAuth > Authentication > should return invalid when verification fails
(pass) SecureAuth > Authentication > should handle verification errors
(pass) SecureAuth > Authentication > should login successfully
(pass) SecureAuth > Authentication > should handle login failure
(pass) SecureAuth > Authentication > should logout successfully
(pass) SecureAuth > useSecureAuth Hook > should provide auth state and methods
(pass) SecureAuth > useSecureAuth Hook > should check auth on mount

src\lib\commands\test\alias-commands.test.ts:
(pass) AliasManager and aliasCommand > resolves default alias and allows add/remove custom alias
(pass) AliasManager and aliasCommand > aliasCommand returns help when -h provided

src\lib\commands\test\command-parser.test.ts:
(pass) CommandParser > returns error for empty input
(pass) CommandParser > registers and invokes a command

src\lib\commands\test\command-registry.test.ts:
(pass) commandRegistry > createHelpCommand > returns success and mentions Featured Commands
(pass) commandRegistry > createHelpCommand > lists available commands
(pass) commandRegistry > createHelpCommand > includes command descriptions
(pass) commandRegistry > aboutCommand > returns success with about text
(pass) commandRegistry > aboutCommand > mentions technologies
(pass) commandRegistry > projectsCommand > returns success with project text
(pass) commandRegistry > projectsCommand > lists multiple projects
(pass) commandRegistry > contactCommand > returns success with contact information
(pass) commandRegistry > contactCommand > includes email and social links
(pass) commandRegistry > clearCommand > returns CLEAR content
(pass) commandRegistry > clearCommand > has correct aliases
(pass) commandRegistry > themeCommand > shows help with -h flag
(pass) commandRegistry > themeCommand > shows theme list with -l flag
(pass) commandRegistry > themeCommand > returns error for invalid theme name
(pass) commandRegistry > fontCommand > has correct name
(pass) commandRegistry > fontCommand > responds to -h flag
(pass) commandRegistry > fontCommand > responds to -l flag
(pass) commandRegistry > statusCommand > returns status information
(pass) commandRegistry > statusCommand > has name property
(pass) commandRegistry > pwaCommand > shows help with -h flag
(pass) commandRegistry > pwaCommand > shows status with -s flag
(pass) commandRegistry > aliasCommand > has correct name
(pass) commandRegistry > aliasCommand > shows help with -h flag
(pass) commandRegistry > aliasCommand > lists aliases with -l flag

src\lib\commands\test\commands.test.ts:
(pass) commands.ts > resumeCommand > should execute resume command
(pass) commands.ts > resumeCommand > should show help when --help flag is used
(pass) commands.ts > resumeCommand > should download PDF when --download flag is used
(pass) commands.ts > socialCommand > should execute social command
(pass) commands.ts > socialCommand > should open links when --open flag is used
(pass) commands.ts > shortcutsCommand > should execute shortcuts command
(pass) commands.ts > enhancedContactCommand > should execute contact command
(pass) commands.ts > enhancedContactCommand > should show form when --form flag is used
(pass) commands.ts > easterEggsCommand > should execute easter eggs command
(pass) commands.ts > enhancedCommands > should export all commands

src\lib\commands\test\customization-commands.test.ts:

# Unhandled error between tests
-------------------------------
1 | import { describe, it, expect, vi } from "vitest";
2 | 
3 | vi.mock("@/lib/services/customizationService", () => {
       ^
TypeError: vi.mock is not a function. (In 'vi.mock("@/lib/services/customizationService", () => {
  return { CustomizationService: {
    getInstance: () => ({
      getCustomThemes: () => [],
      getAllThemes: () => [{ id: "t1", name: "Built", source: "built-in" }],
      getCustomFonts: () => [],
      getAllFonts: () => [
        {
          id: "f1",
          name: "JetBrains",
          source: "system",
          ligatures: !0,
          size: 0
        }
      ]
    })
  } };
})', 'vi.mock' is undefined)
      at C:\dev\portfolio-frontend\src\lib\commands\test\customization-commands.test.ts:3:4
      at loadAndEvaluateModule (2:1)
-------------------------------


src\lib\commands\test\demo-commands.test.ts:
(pass) demoCommand > list action > returns info about projects
(pass) demoCommand > list action > shows project names in list
(pass) demoCommand > list action > shows technologies in list
(pass) demoCommand > list action > returns info when no projects available
(pass) demoCommand > open action > returns error without project id
(pass) demoCommand > open action > opens project with valid id and demo url
(pass) demoCommand > open action > returns error for non-existent project
(pass) demoCommand > open action > returns error when project has no demo url
(pass) demoCommand > search action > returns error without query
(pass) demoCommand > search action > returns search results for matching query
(pass) demoCommand > search action > returns info when no results found
(pass) demoCommand > tech action > lists technologies used in projects
(pass) demoCommand > category action > lists project categories
(pass) demoCommand > help action > shows help when help action used
(pass) demoCommand > help action > shows help when no action provided
(pass) demoCommand > unknown action > returns error for unknown action

src\lib\commands\test\github-commands.test.ts:

# Unhandled error between tests
-------------------------------
1 | import { describe, it, expect, vi } from "vitest";
2 | 
3 | vi.mock("@/lib/github/github-service", () => {
       ^
TypeError: vi.mock is not a function. (In 'vi.mock("@/lib/github/github-service", () => {
  return { GitHubService: {
    getInstance: () => ({
      getUser: async (u) => ({
        login: u,
        id: 1,
        avatar_url: "",
        name: "D",
        bio: null,
        public_repos: 10,
        followers: 100,
        following: 50,
        created_at: "",
        updated_at: ""
      }),
      getUserRepos: async () => [
        {
          name: "r1",
          html_url: "https://github.com/user/r1",
          language: "TypeScript",
          stargazers_count: 50,
          forks_count: 10,
          description: "A test repository"
        },
        {
          name: "r2",
          html_url: "https://github.com/user/r2",
          language: "JavaScript",
          stargazers_count: 25,
          forks_count: 5,
          description: null
        }
      ],
      getRepo: async (user, repo) => ({
        full_name: `${user}/${repo}`,
        description: "Test repo description",
        language: "TypeScript",
        stargazers_count: 100,
        forks_count: 20,
        watchers_count: 80,
        created_at: "2023-01-01T00:00:00Z",
        updated_at: "2024-01-01T00:00:00Z",
        html_url: `https://github.com/${user}/${repo}`
      }),
      getRepoCommits: async () => [
        {
          commit: {
            message: "Initial commit",
            author: { name: "Author", date: "2024-01-01T00:00:00Z" }
          }
        }
      ],
      getRepoLanguages: async () => ({ TypeScript: 8000, JavaScript: 2000 }),
      searchRepos: async (_q) => ({
        total_count: 1,
        items: [
          {
            full_name: "user/searched-repo",
            description: "Found repo",
            language: "TypeScript",
            stargazers_count: 100,
            html_url: "https://github.com/user/searched-repo"
          }
        ]
      }),
      getUserStarredRepos: async () => [
        {
          full_name: "other/starred-repo",
          description: "A starred repo",
          language: "Python",
          stargazers_count: 500,
          html_url: "https://github.com/other/starred-repo"
        }
      ],
      getUserGists: async () => [
        {
          description: "Test gist",
          html_url: "https://gist.github.com/test",
          files: { "test.js": {} },
          created_at: "2024-01-01T00:00:00Z"
        }
      ],
      clearCache: vi.fn(),
      clearCacheForEndpoint: vi.fn(),
      getCacheStats: () => ({ size: 5, entries: ["entry1", "entry2"] })
    })
  } };
})', 'vi.mock' is undefined)
      at C:\dev\portfolio-frontend\src\lib\commands\test\github-commands.test.ts:3:4
      at loadAndEvaluateModule (2:1)
-------------------------------


src\lib\commands\test\language-commands.test.ts:

# Unhandled error between tests
-------------------------------
11 | 
12 | // Mock state for dynamic testing
13 | let mockCurrentLocale = "en_US";
14 | let mockSetLocaleResult = true;
15 | 
16 | vi.mock("@/lib/i18n/i18n-service", () => ({
        ^
TypeError: vi.mock is not a function. (In 'vi.mock("@/lib/i18n/i18n-service", () => ({
  i18n: {
    getCurrentLocale: () => mockCurrentLocale,
    getCurrentLocaleConfig: () => {
      const locales = {
        en_US: {
          code: "en_US",
          name: "English (US)",
          nativeName: "English",
          flag: "\uD83C\uDDFA\uD83C\uDDF8",
          direction: "ltr"
        },
        id_ID: {
          code: "id_ID",
          name: "Indonesian",
          nativeName: "Bahasa Indonesia",
          flag: "\uD83C\uDDEE\uD83C\uDDE9",
          direction: "ltr"
        },
        ar_SA: {
          code: "ar_SA",
          name: "Arabic",
          nativeName: "\u0627\u0644\u0639\u0631\u0628\u064A\u0629",
          flag: "\uD83C\uDDF8\uD83C\uDDE6",
          direction: "rtl"
        }
      };
      return locales[mockCurrentLocale] || locales.en_US;
    },
    getSupportedLocales: () => [
      { code: "en_US", name: "English (US)", flag: "\uD83C\uDDFA\uD83C\uDDF8" },
      { code: "id_ID", name: "Indonesian", flag: "\uD83C\uDDEE\uD83C\uDDE9" },
      { code: "es_ES", name: "Spanish", flag: "\uD83C\uDDEA\uD83C\uDDF8" },
      { code: "fr_FR", name: "French", flag: "\uD83C\uDDEB\uD83C\uDDF7" },
      { code: "ar_SA", name: "Arabic", flag: "\uD83C\uDDF8\uD83C\uDDE6" }
    ],
    setLocale: (code) => {
      if (mockSetLocaleResult)
        mockCurrentLocale = code;
      return mockSetLocaleResult;
    }
  },
  t: (key) => {
    return {
      languageNotSupported: "Language not supported",
      languageFallback: "Falling back to",
      languageChanged: "Language changed successfully",
      currentLanguage: "Current Language",
      availableLanguages: "Available Languages"
    }[key] || key;
  }
}))', 'vi.mock' is undefined)
      at C:\dev\portfolio-frontend\src\lib\commands\test\language-commands.test.ts:16:4
      at loadAndEvaluateModule (2:1)
-------------------------------


src\lib\commands\test\location-commands.test.ts:

# Unhandled error between tests
-------------------------------
1 | import { describe, it, expect, vi } from "vitest";
2 | 
3 | vi.mock("@/lib/location/location-service", () => ({
       ^
TypeError: vi.mock is not a function. (In 'vi.mock("@/lib/location/location-service", () => ({
  LocationService: {
    getInstance: () => ({
      getLocation: async () => ({
        city: "City",
        region: "Region",
        country: "Country",
        latitude: 1,
        longitude: 1,
        ip: "1.2.3.4",
        timezone: "UTC"
      }),
      getTimeInfo: (tz) => ({
        timezone: tz,
        localTime: "12:00",
        utcTime: "12:00",
        offset: 0,
        isDST: !1
      }),
      getWeatherEmoji: () => "\u2600\uFE0F",
      formatOffset: () => "+00:00"
    })
  }
}))', 'vi.mock' is undefined)
      at C:\dev\portfolio-frontend\src\lib\commands\test\location-commands.test.ts:3:4
      at loadAndEvaluateModule (2:1)
-------------------------------


src\lib\commands\test\roadmap-commands.test.ts:

# Unhandled error between tests
-------------------------------
10 | const mockRefreshData = vi.fn();
11 | 
12 | let roadmapServiceInstance: any = null;
13 | 
14 | // Mock RoadmapService - only for this test file
15 | vi.mock("@/lib/services/roadmap-service", () => ({
        ^
TypeError: vi.mock is not a function. (In 'vi.mock("@/lib/services/roadmap-service", () => ({
  RoadmapService: {
    getInstance: () => roadmapServiceInstance
  }
}))', 'vi.mock' is undefined)
      at C:\dev\portfolio-frontend\src\lib\commands\test\roadmap-commands.test.ts:15:4
      at loadAndEvaluateModule (2:1)
-------------------------------


src\lib\commands\test\skills-commands.test.ts:

# Unhandled error between tests
-------------------------------
10 | const mockRefreshData = vi.fn();
11 | 
12 | let roadmapServiceInstance: any = null;
13 | 
14 | // Mock RoadmapService - only for this test file
15 | vi.mock("@/lib/services/roadmap-service", () => ({
        ^
TypeError: vi.mock is not a function. (In 'vi.mock("@/lib/services/roadmap-service", () => ({
  RoadmapService: {
    getInstance: () => roadmapServiceInstance
  }
}))', 'vi.mock' is undefined)
      at C:\dev\portfolio-frontend\src\lib\commands\test\skills-commands.test.ts:15:4
      at loadAndEvaluateModule (2:1)
-------------------------------


src\lib\commands\test\tech-stack-commands.test.ts:
(pass) techStackCommand > list returns success when technologies exist
(pass) techStackCommand > projects without tech returns error

src\lib\commands\test\tour-commands.test.ts:
(pass) tour-commands.ts > tourCommand > should execute tour command
(pass) tour-commands.ts > tourCommand > should reset tour when --reset flag is used
(pass) tour-commands.ts > tourCommand > should reset tour when -r flag is used
(pass) tour-commands.ts > tourCommand > should return command with timestamp and id
(pass) tour-commands.ts > tourHelpText > should export help text

src\lib\commands\test\typo-tolerance.test.ts:
(pass) TypoTolerance > levenshteinDistance basic cases
(pass) TypoTolerance > findSimilarCommand finds close command
(pass) TypoTolerance > fuzzyMatch and suggestion score/type

src\lib\data\test\data-fetching.test.ts:
(pass) data-fetching.ts > getPortfolioData > should return portfolio data
(pass) data-fetching.ts > getSkillsData > should return skills data
(pass) data-fetching.ts > getProjectsData > should return projects data
(pass) data-fetching.ts > getProjectsData > should limit projects when limit is provided
(pass) data-fetching.ts > getExperienceData > should return experience data
(pass) data-fetching.ts > getExperienceData > should return empty array on error
(pass) data-fetching.ts > getAboutData > should return about data
(pass) data-fetching.ts > getAboutData > should return fallback data on error
(pass) data-fetching.ts > getFeaturedProjects > should return only featured projects
(pass) data-fetching.ts > getAnalyticsData > should return analytics data
(pass) data-fetching.ts > getGitHubData > should return GitHub data
(pass) data-fetching.ts > getGitHubData > should return empty data on error
(pass) data-fetching.ts > invalidateCache > should invalidate cache
(pass) data-fetching.ts > checkDataHealth > should check data health
(pass) data-fetching.ts > checkDataHealth > should handle health check errors

src\lib\errors\test\async-error-handler.test.ts:
(pass) Async Error Handler > execute > should execute successful functions
(pass) Async Error Handler > execute > should handle errors and retry retryable errors [63.00ms]
(pass) Async Error Handler > execute > should respect timeout configuration [62.00ms]
(pass) Async Error Handler > execute > should not retry non-retryable errors
(pass) Async Error Handler > executeAll > should execute all functions successfully [16.00ms]
(pass) Async Error Handler > executeAll > should handle mixed success and failure
(pass) Async Error Handler > executeAll > should fail fast when configured
(pass) AsyncUtils > safe > should return data on success
(pass) AsyncUtils > safe > should return error on failure
(pass) AsyncUtils > retry > should retry and eventually succeed [31.00ms]
(pass) AsyncUtils > retry > should throw after max retries [32.00ms]
(pass) AsyncUtils > createCircuitBreaker > should allow requests when circuit is closed
(pass) AsyncUtils > createCircuitBreaker > should open circuit after threshold failures
(pass) AsyncUtils > processBatch > should process all items successfully
(pass) AsyncUtils > processBatch > should handle partial failures
(pass) AsyncUtils > processBatch > should respect batch size and concurrency limits

src\lib\errors\test\error-boundary.test.tsx:
(pass) EnhancedErrorBoundary (error-boundary.tsx) > Rendering > should render children when there is no error
(pass) EnhancedErrorBoundary (error-boundary.tsx) > Rendering > should catch errors and display default fallback
(pass) EnhancedErrorBoundary (error-boundary.tsx) > Rendering > should display custom fallback
(pass) EnhancedErrorBoundary (error-boundary.tsx) > Error Handling > should call onError callback
(pass) EnhancedErrorBoundary (error-boundary.tsx) > withErrorBoundary HOC > should wrap component with error boundary
(pass) EnhancedErrorBoundary (error-boundary.tsx) > useErrorBoundary Hook > should provide error boundary methods

src\lib\errors\test\error-handler.test.tsx:

# Unhandled error between tests
-------------------------------
17 |     border: "#333333",
18 |     error: "#ff4444",
19 |   },
20 | };
21 | 
22 | vi.mock("@/hooks/use-theme", () => ({
        ^
TypeError: vi.mock is not a function. (In 'vi.mock("@/hooks/use-theme", () => ({
  useTheme: () => ({
    themeConfig: mockThemeConfig
  })
}))', 'vi.mock' is undefined)
      at C:\dev\portfolio-frontend\src\lib\errors\test\error-handler.test.tsx:22:4
      at loadAndEvaluateModule (2:1)
-------------------------------


src\lib\errors\test\error-types.test.ts:
(pass) Enhanced Error Types > EnhancedError > should create an enhanced error with default values
(pass) Enhanced Error Types > EnhancedError > should create an enhanced error with custom options
(pass) Enhanced Error Types > EnhancedError > should handle error chaining with cause
(pass) Enhanced Error Types > EnhancedError > should serialize to JSON correctly
(pass) Enhanced Error Types > NetworkError > should create a network error with correct defaults
(pass) Enhanced Error Types > APIError > should create an API error with status code
(pass) Enhanced Error Types > APIError > should handle rate limiting correctly
(pass) Enhanced Error Types > APIError > should handle client errors correctly
(pass) Enhanced Error Types > ValidationError > should create a validation error with field information
(pass) Enhanced Error Types > AuthenticationError > should create an authentication error
(pass) Enhanced Error Types > PerformanceError > should create a performance error with metrics
(pass) Enhanced Error Types > UIError > should create a UI error with component information
(pass) Enhanced Error Types > BusinessLogicError > should create a business logic error with rule information
(pass) Enhanced Error Types > ErrorUtils > enhance > should enhance a standard error
(pass) Enhanced Error Types > ErrorUtils > enhance > should return existing enhanced error unchanged
(pass) Enhanced Error Types > ErrorUtils > isRetryable > should detect retryable enhanced errors
(pass) Enhanced Error Types > ErrorUtils > isRetryable > should detect retryable standard errors by message
(pass) Enhanced Error Types > ErrorUtils > getSeverity > should get severity from enhanced errors
(pass) Enhanced Error Types > ErrorUtils > getSeverity > should determine severity from standard error message
(pass) Enhanced Error Types > ErrorUtils > getCategory > should get category from enhanced errors
(pass) Enhanced Error Types > ErrorUtils > getCategory > should determine category from standard error message
(pass) Enhanced Error Types > ErrorUtils > getSuggestions > should get suggestions from enhanced errors
(pass) Enhanced Error Types > ErrorUtils > getSuggestions > should provide default suggestions for standard errors

src\lib\errors\test\hook-error-handler.test.tsx:
(pass) Hook Error Handler > useErrorHandler > should initialize with no error
(pass) Hook Error Handler > useErrorHandler > should set error when setError is called
(pass) Hook Error Handler > useErrorHandler > should clear error when clearError is called
(pass) Hook Error Handler > useErrorHandler > should execute async functions with error handling
(pass) Hook Error Handler > useErrorHandler > should handle execution failures
(pass) Hook Error Handler > useSafeAsync > should execute async functions safely
(pass) Hook Error Handler > useSafeAsync > should handle async function errors
(pass) Hook Error Handler > useSafeAsync > should track loading state correctly
(pass) Hook Error Handler > useBatchAsync > should process functions in batches
(pass) Hook Error Handler > useBatchAsync > should handle mixed success and failure

src\lib\fonts\test\font-config.test.ts:
(pass) fontConfig > exports available fonts and default
(pass) fontConfig > each font has expected properties

src\lib\github\test\github-service.test.ts:
(pass) GitHubService > fetches user and caches the response
(pass) GitHubService > clears cache for endpoint and via clearCache

src\lib\i18n\test\i18n-service.test.ts:

# Unhandled error between tests
-------------------------------
1 | import { describe, it, expect, vi, beforeEach } from "vitest";
2 | import { canRunTests, ensureDocumentBody } from "@/test/test-helpers";
3 | import { I18nService, i18n, t, tWithFallback } from "../i18n-service";
4 | 
5 | // Mock locales
6 | vi.mock("../locales", () => ({
       ^
TypeError: vi.mock is not a function. (In 'vi.mock("../locales", () => ({
  getLocaleConfig: vi.fn((code) => ({
    code,
    name: "Test",
    nativeName: "Test",
    flag: "\uD83C\uDFF3\uFE0F",
    direction: "ltr"
  })),
  isRegionalVariant: vi.fn(() => !1),
  getFallbackLocale: vi.fn((code) => code),
  getSupportedLocales: vi.fn(() => []),
  isValidLocale: vi.fn((code) => code === "en_US" || code === "id_ID"),
  DEFAULT_LOCALE: "en_US"
}))', 'vi.mock' is undefined)
      at C:\dev\portfolio-frontend\src\lib\i18n\test\i18n-service.test.ts:6:4
      at loadAndEvaluateModule (2:1)
-------------------------------


src\lib\i18n\test\locales.test.ts:
(pass) locales.ts > Constants > should export DEFAULT_LOCALE
(pass) locales.ts > Constants > should export SUPPORTED_LOCALES
(pass) locales.ts > Constants > should export REGIONAL_VARIANTS
(pass) locales.ts > Constants > should export ALL_LOCALES
(pass) locales.ts > getLocaleConfig > should return locale config for valid code
(pass) locales.ts > getLocaleConfig > should normalize hyphen to underscore
(pass) locales.ts > getLocaleConfig > should return null for invalid locale
(pass) locales.ts > isRegionalVariant > should return true for regional variants
(pass) locales.ts > isRegionalVariant > should return false for primary locales
(pass) locales.ts > getFallbackLocale > should return fallback for regional variants
(pass) locales.ts > getFallbackLocale > should return same code for primary locales
(pass) locales.ts > getSupportedLocales > should return array of locale configs
(pass) locales.ts > isValidLocale > should return true for valid locales
(pass) locales.ts > isValidLocale > should return false for invalid locales
(pass) locales.ts > isValidLocale > should normalize hyphen to underscore
(pass) locales.ts > LocaleConfig Interface > should have correct structure

src\lib\location\test\location-service.test.ts:
(pass) LocationService > fetches location from primary service (ipapi.co)
ipapi.co failed warn: Invalid response from ipapi.co
      at fetchLocationFromService (C:\dev\portfolio-frontend\src\lib\location\location-service.ts:92:15)

ipapi.co failed, trying fallback...
(pass) LocationService > falls back to ip-api.com when primary fails
ipapi.co failed warn: Invalid response from ipapi.co
      at fetchLocationFromService (C:\dev\portfolio-frontend\src\lib\location\location-service.ts:92:15)

ipapi.co failed, trying fallback...
(pass) LocationService > returns null when both services fail
(pass) LocationService > getTimeInfo and formatOffset behave as expected [31.00ms]
(pass) LocationService > getWeatherEmoji returns a string and changes by hour

src\lib\logger\test\client-logger.test.ts:
(skip) ClientLogger > skipped in Bun - use vitest

src\lib\logger\test\config.test.ts:
(pass) logger config > clientConfig > should have required LoggerConfig shape
(pass) logger config > clientConfig > should have level as valid LogLevel
(pass) logger config > clientConfig > should have batch config with expected keys
(pass) logger config > serverConfig > should have required LoggerConfig shape
(pass) logger config > PII_PATTERNS > should have email, phone, creditCard, ssn, ipv4 patterns
(pass) logger config > SENSITIVE_HEADERS > should include authorization and cookie
(pass) logger config > SENSITIVE_FIELDS > should include password and token
(pass) logger config > LOG_PATHS > should have combined, error, access paths
(pass) logger config > ROTATION_CONFIG > should have maxSize, maxFiles, compress
(pass) logger config > SAMPLING_CONFIG > should have debug, info, warn, error, fatal
(pass) logger config > PERFORMANCE_THRESHOLDS > should have slow and critical thresholds in ms

src\lib\logger\test\index.test.ts:
(pass) logger index exports > should export clientLogger, serverLogger, createServerLogger, ServerLogger, ClientLogger
(pass) logger index exports > should export initWebVitals, reportWebVitals, getWebVitalsSummary
(pass) logger index exports > should export LogLevel
(pass) logger index exports > should export config (clientConfig, serverConfig, etc.)
(pass) logger index exports > should export utils (maskPII, formatError, isClient, isServer, etc.)

src\lib\logger\test\server-logger.test.ts:
(pass) createServerLogger > should return a ServerLogger instance
(pass) createServerLogger > should not throw when calling log methods (disabled in jsdom)
(pass) createServerLogger > should not throw when calling logHttp
(pass) createServerLogger > should not throw when calling logRequest
(pass) createServerLogger > should not throw when calling logResponse
(pass) createServerLogger > should not throw when calling logClientLogs

src\lib\logger\test\utils.test.ts:
(pass) Logger Utils > maskPIIString > should mask email addresses
(pass) Logger Utils > maskPIIString > should mask phone numbers
(pass) Logger Utils > maskPIIString > should mask credit card numbers
(pass) Logger Utils > maskPIIString > should mask IP addresses
(pass) Logger Utils > maskPII > should mask PII in objects [15.00ms]
(pass) Logger Utils > maskPII > should mask sensitive field names
(pass) Logger Utils > maskPII > should handle nested objects
(pass) Logger Utils > maskPII > should handle arrays
(pass) Logger Utils > sanitizeHeaders > should redact sensitive headers
(pass) Logger Utils > sanitizeHeaders > should handle Headers object
(pass) Logger Utils > formatError > should format Error objects
(pass) Logger Utils > formatError > should format string errors
(pass) Logger Utils > formatError > should handle unknown error types
(pass) Logger Utils > generateCorrelationId > should generate unique IDs
(pass) Logger Utils > safeStringify > should stringify simple objects
(pass) Logger Utils > safeStringify > should handle circular references
(pass) Logger Utils > safeStringify > should limit depth
(pass) Logger Utils > safeStringify > should handle functions
(pass) Logger Utils > truncate > should truncate long strings
(pass) Logger Utils > truncate > should not truncate short strings
(pass) Logger Utils > getObjectSize > should calculate object size
(pass) Logger Utils > getObjectSize > should handle large objects

src\lib\logger\test\web-vitals.test.ts:

# Unhandled error between tests
-------------------------------
12 | const mockOnFCP = vi.fn();
13 | const mockOnINP = vi.fn();
14 | const mockOnLCP = vi.fn();
15 | const mockOnTTFB = vi.fn();
16 | 
17 | vi.mock("web-vitals", () => ({
        ^
TypeError: vi.mock is not a function. (In 'vi.mock("web-vitals", () => ({
  onCLS: (cb) => mockOnCLS(cb),
  onFCP: (cb) => mockOnFCP(cb),
  onINP: (cb) => mockOnINP(cb),
  onLCP: (cb) => mockOnLCP(cb),
  onTTFB: (cb) => mockOnTTFB(cb)
}))', 'vi.mock' is undefined)
      at C:\dev\portfolio-frontend\src\lib\logger\test\web-vitals.test.ts:17:4
      at loadAndEvaluateModule (2:1)
-------------------------------


src\lib\performance\test\performance-monitor.test.ts:
Performance metrics cleared
(pass) PerformanceMonitor > getInstance > should return singleton instance
Performance metrics cleared
(pass) PerformanceMonitor > setEnabled > should disable monitoring when false
Performance metrics cleared
(pass) PerformanceMonitor > setEnabled > should enable monitoring when true
Performance metrics cleared
(pass) PerformanceMonitor > startTiming / endTiming > should return 0 when endTiming without startTiming
Performance metrics cleared
(pass) PerformanceMonitor > startTiming / endTiming > should record duration when start and end
Performance metrics cleared
(pass) PerformanceMonitor > recordMetric > should add metric to report
Performance metrics cleared
(pass) PerformanceMonitor > getReport > should return summary with totalCommands, averageCommandTime, etc.
Performance metrics cleared
(pass) PerformanceMonitor > getMetricsByCategory > should filter metrics by category
Performance metrics cleared
(pass) PerformanceMonitor > clearMetrics > should clear all metrics
Performance metrics cleared
(pass) PerformanceMonitor > exportMetrics > should return JSON string
Performance metrics cleared
(pass) PerformanceMonitor > measureCommand > should resolve with result when enabled
Performance metrics cleared
(pass) PerformanceMonitor > measureCommand > should reject and record on error
Performance metrics cleared
(pass) PerformanceMonitor > measureRender > should call renderFn when enabled
(pass) usePerformanceMonitor > should return measureRender, recordMetric, startTiming, endTiming, getReport, clearMetrics
(pass) usePerformanceMonitor > measureRender should return a function that accepts renderFn

src\lib\projects\test\project-metadata.test.ts:
(pass) ProjectMetadataService > returns all projects and can fetch by id [16.00ms]
(pass) ProjectMetadataService > can add, update and delete a project
(pass) ProjectMetadataService > searches, filters by technology and category

src\lib\seo\test\config.test.ts:
(pass) SEO_HELPERS > getPageTitle falls back to site title
(pass) SEO_HELPERS > getPageDescription returns custom if provided
(pass) SEO_HELPERS > getPageKeywords returns array and falls back to home keywords
(pass) SEO_HELPERS > getCanonicalUrl and getOGImage produce full URLs

src\lib\services\test\customization-service.test.ts:
(pass) CustomizationService > returns built-in themes plus custom themes via getAllThemes
(pass) CustomizationService > can save, update, delete, and duplicate a custom theme
(pass) CustomizationService > manages settings and resetToDefaults

src\lib\services\test\roadmap-service.test.ts:
Roadmap API Config: {
  hasAuthToken: false,
  userId: "infinitedim",
  envVars: {
    NEXT_PUBLIC_ROADMAP_AUTH_TOKEN: false,
    ROADMAP_AUTH_TOKEN: false,
    NEXT_PUBLIC_ROADMAP_USER_ID: false,
    ROADMAP_USER_ID: false,
  },
}
(pass) RoadmapService > initializes and loads fallback/api data
Roadmap API Config: {
  hasAuthToken: false,
  userId: "infinitedim",
  envVars: {
    NEXT_PUBLIC_ROADMAP_AUTH_TOKEN: false,
    ROADMAP_AUTH_TOKEN: false,
    NEXT_PUBLIC_ROADMAP_USER_ID: false,
    ROADMAP_USER_ID: false,
  },
}
(pass) RoadmapService > can get category progress and update skills

src\lib\themes\test\theme-config.test.ts:
(pass) themeConfig > themes object > should be defined and exportable
(pass) themeConfig > themes object > should have default theme
(pass) themeConfig > themes object > should have multiple themes
(pass) themeConfig > themes object > should have consistent theme structure
(pass) themeConfig > themes object > should have consistent color structure
(pass) themeConfig > themes object > should have unique theme names
(pass) themeConfig > themes object > should have valid hex color codes
(pass) themeConfig > themes object > should have specific popular themes
(pass) themeConfig > defaultTheme constant > should be defined and exportable
(pass) themeConfig > defaultTheme constant > should be 'default'
(pass) themeConfig > defaultTheme constant > should correspond to an existing theme
(pass) themeConfig > getSortedThemeNames function > should be defined and exportable
(pass) themeConfig > getSortedThemeNames function > should return an array
(pass) themeConfig > getSortedThemeNames function > should return all theme names
(pass) themeConfig > getSortedThemeNames function > should return sorted theme names
(pass) themeConfig > getSortedThemeNames function > should return theme names as strings
(pass) themeConfig > getSortedThemeNames function > should include default theme
(pass) themeConfig > getSortedThemeNames function > should include popular themes
(pass) themeConfig > getSortedThemeNames function > should return consistent results
(pass) themeConfig > getThemeConfig function > should be defined and exportable
(pass) themeConfig > getThemeConfig function > should return theme config for valid theme
(pass) themeConfig > getThemeConfig function > should return default theme for invalid theme
(pass) themeConfig > getThemeConfig function > should return correct theme for matrix
(pass) themeConfig > getThemeConfig function > should return correct theme for cyberpunk
(pass) themeConfig > getThemeConfig function > should return correct theme for dracula
(pass) themeConfig > getThemeConfig function > should handle all valid themes
(pass) themeConfig > getThemeConfig function > should return consistent structure for all themes
(pass) themeConfig > validateTheme function > should be defined and exportable
(pass) themeConfig > validateTheme function > should return true for valid themes
(pass) themeConfig > validateTheme function > should return false for invalid themes
(pass) themeConfig > validateTheme function > should handle case sensitivity
(pass) themeConfig > validateTheme function > should handle edge cases
(pass) themeConfig > validateTheme function > should validate all existing themes
(pass) themeConfig > validateTheme function > should handle null and undefined
(pass) themeConfig > getThemePreview function > should be defined and exportable
(pass) themeConfig > getThemePreview function > should return preview for valid theme
(pass) themeConfig > getThemePreview function > should return empty string for invalid theme
(pass) themeConfig > getThemePreview function > should include theme name in preview
(pass) themeConfig > getThemePreview function > should include color information in preview
(pass) themeConfig > getThemePreview function > should include description in preview
(pass) themeConfig > getThemePreview function > should handle all valid themes
(pass) themeConfig > getThemePreview function > should have consistent format
(pass) themeConfig > getThemePreview function > should include description when available
(pass) themeConfig > getThemePreview function > should handle themes with different descriptions
(pass) themeConfig > theme color validation > should have valid contrast ratios
(pass) themeConfig > theme color validation > should have consistent color naming
(pass) themeConfig > theme color validation > should have reasonable color values
(pass) themeConfig > theme descriptions > should have meaningful descriptions
(pass) themeConfig > theme descriptions > should have unique descriptions
(pass) themeConfig > edge cases and error handling > should handle null theme name in getThemeConfig
(pass) themeConfig > edge cases and error handling > should handle undefined theme name in getThemeConfig
(pass) themeConfig > edge cases and error handling > should handle empty string in validateTheme
(pass) themeConfig > edge cases and error handling > should handle whitespace in validateTheme
(pass) themeConfig > edge cases and error handling > should handle null in getThemePreview
(pass) themeConfig > edge cases and error handling > should handle undefined in getThemePreview
(pass) themeConfig > integration tests > should work together correctly
(pass) themeConfig > integration tests > should handle invalid theme gracefully
(pass) themeConfig > integration tests > should maintain consistency across functions

src\lib\types\test\errors.test.ts:
(pass) errors.ts > ValidationError > should create validation error
(pass) errors.ts > AuthenticationError > should create authentication error
(pass) errors.ts > AuthorizationError > should create authorization error
(pass) errors.ts > NotFoundError > should create not found error
(pass) errors.ts > ConflictError > should create conflict error
(pass) errors.ts > RateLimitError > should create rate limit error
(pass) errors.ts > NetworkError > should create network error
(pass) errors.ts > DatabaseError > should create database error
(pass) errors.ts > InternalError > should create internal error
(pass) errors.ts > Utility Functions > should check if error is AppError
(pass) errors.ts > Utility Functions > should convert to AppError
(pass) errors.ts > ErrorCodes > should export error codes

src\lib\types\test\result.test.ts:
(pass) result.ts > ok and err > should create Ok result
(pass) result.ts > ok and err > should create Err result
(pass) result.ts > isOk and isErr > should check if result is Ok
(pass) result.ts > isOk and isErr > should check if result is Err
(pass) result.ts > unwrap > should unwrap Ok value
(pass) result.ts > unwrap > should throw on Err
(pass) result.ts > unwrapOr > should unwrap Ok value
(pass) result.ts > unwrapOr > should return default on Err
(pass) result.ts > unwrapOrElse > should unwrap Ok value
(pass) result.ts > unwrapOrElse > should compute default on Err
(pass) result.ts > map > should map Ok value
(pass) result.ts > map > should preserve Err
(pass) result.ts > mapErr > should map Err value
(pass) result.ts > mapErr > should preserve Ok
(pass) result.ts > andThen > should chain Ok results
(pass) result.ts > andThen > should preserve Err in chain
(pass) result.ts > tryCatch > should return Ok for successful function
(pass) result.ts > tryCatch > should return Err for throwing function
(pass) result.ts > tryCatchAsync > should return Ok for successful async function
(pass) result.ts > tryCatchAsync > should return Err for throwing async function
(pass) result.ts > combine > should combine all Ok results
(pass) result.ts > combine > should return first Err
(pass) result.ts > match > should match Ok result
(pass) result.ts > match > should match Err result

src\lib\utils\test\arg-parser.test.ts:
(pass) argParser > ArgumentParser class > should be defined and exportable
(pass) argParser > ArgumentParser class > should have static parse method
(pass) argParser > ArgumentParser class > should have static hasFlag method
(pass) argParser > ArgumentParser class > should have static hasFlagAny method
(pass) argParser > parse method > should parse simple command
(pass) argParser > parse method > should parse command with subcommand
(pass) argParser > parse method > should parse command with short flags
(pass) argParser > parse method > should parse command with multiple short flags
(pass) argParser > parse method > should parse command with separate short flags
(pass) argParser > parse method > should parse command with long flags
(pass) argParser > parse method > should parse command with multiple long flags
(pass) argParser > parse method > should parse command with mixed flags
(pass) argParser > parse method > should parse command with positional arguments
(pass) argParser > parse method > should parse command with subcommand and positional arguments
(pass) argParser > parse method > should parse complex command with all components
(pass) argParser > parse method > should handle empty input
(pass) argParser > parse method > should handle whitespace-only input
(pass) argParser > parse method > should handle extra whitespace
(pass) argParser > parse method > should handle single hyphen as subcommand
(pass) argParser > parse method > should handle double hyphen as long flag
(pass) argParser > parse method > should parse theme command example
(pass) argParser > hasFlag method > should detect short flag
(pass) argParser > hasFlag method > should detect long flag
(pass) argParser > hasFlag method > should detect either short or long flag
(pass) argParser > hasFlag method > should handle missing long flag parameter
(pass) argParser > hasFlagAny method > should detect any of the provided flags
(pass) argParser > hasFlagAny method > should return false when none of the flags are present
(pass) argParser > hasFlagAny method > should handle options without long flags
(pass) argParser > hasFlagAny method > should handle empty options array
(pass) argParser > hasFlagAny method > should detect multiple matching flags
(pass) argParser > ParsedArgs interface > should have correct structure
(pass) argParser > ParsedArgs interface > should allow optional subcommand
(pass) argParser > edge cases > should handle command with only flags
(pass) argParser > edge cases > should handle command with mixed arguments order
(pass) argParser > edge cases > should handle very long command

src\lib\utils\test\bundle-optimization.test.ts:
(pass) bundleOptimization > preloadCriticalResources function > should be defined and exportable
(pass) bundleOptimization > preloadCriticalResources function > should create link elements for fonts
(pass) bundleOptimization > preloadCriticalResources function > should set correct attributes for preload links
(pass) bundleOptimization > preloadCriticalResources function > should handle multiple font files
(pass) bundleOptimization > prefetchResources function > should be defined and exportable
(pass) bundleOptimization > prefetchResources function > should create prefetch links for themes
(pass) bundleOptimization > prefetchResources function > should set correct attributes for prefetch links
(pass) bundleOptimization > optimizeImageLoading function > should be defined and exportable
(pass) bundleOptimization > optimizeImageLoading function > should query for images without loading attribute
(pass) bundleOptimization > optimizeImageLoading function > should set loading attribute to lazy for images
(pass) bundleOptimization > optimizeImageLoading function > should handle non-image elements gracefully
(pass) bundleOptimization > dynamicImportWithRetry function > should be defined and exportable
(pass) bundleOptimization > dynamicImportWithRetry function > should return result on successful import
(pass) bundleOptimization > dynamicImportWithRetry function > should retry on failed import [1016.00ms]
(pass) bundleOptimization > dynamicImportWithRetry function > should throw error after all retries [15.00ms]
(pass) bundleOptimization > dynamicImportWithRetry function > should use default retry count and delay [3016.00ms]
(pass) bundleOptimization > dynamicImportWithRetry function > should handle custom retry parameters
(pass) bundleOptimization > analyzeBundleSize function > should be defined and exportable
(pass) bundleOptimization > analyzeBundleSize function > should not run in non-development mode (test env)
(pass) bundleOptimization > analyzeBundleSize function > should be callable without throwing
(pass) bundleOptimization > analyzeBundleSize function > should handle missing performance API gracefully
(pass) bundleOptimization > should be defined and exportable
(pass) bundleOptimization > should handle environment mode
(pass) bundleOptimization > should be callable without errors
(pass) SplittingStrategies object > should be defined and exportable
(pass) SplittingStrategies object > should have byRoute method
(pass) SplittingStrategies object > should have byFeature method
(pass) SplittingStrategies object > should have bySize method
(pass) SplittingStrategies object > should return route-based imports
(pass) SplittingStrategies object > should return feature-based imports
(pass) SplittingStrategies object > should return size-based imports
(pass) addResourceHints function > should be defined and exportable
(pass) addResourceHints function > should create DNS prefetch links
(pass) addResourceHints function > should create preconnect links
(pass) optimizeThirdParty function > should be defined and exportable
(pass) optimizeThirdParty function > should query for analytics and tracking scripts
(pass) optimizeThirdParty function > should set defer attribute on scripts
(pass) optimizeMemoryUsage function > should be defined and exportable
(pass) optimizeMemoryUsage function > should add visibility change event listener
(pass) optimizeMemoryUsage function > should setup cleanup interval
(pass) initBundleOptimizations function > should be defined and exportable
(pass) initBundleOptimizations function > should run optimizations when DOM is complete
(pass) initBundleOptimizations function > should add DOMContentLoaded listener when DOM is loading
(pass) initBundleOptimizations function > should setup prefetch timeout
(pass) error handling and edge cases > should handle missing document gracefully
(pass) error handling and edge cases > should handle missing performance API
(pass) error handling and edge cases > should handle localStorage errors gracefully
(pass) integration tests > should work together in initBundleOptimizations
(pass) integration tests > should handle different environments

src\lib\utils\test\index.test.ts:
(pass) lib/utils index exports > should export ArgumentParser (from arg-parser)
(pass) lib/utils index exports > should export from bundler-optimization
(pass) lib/utils index exports > should export from theme-display
(pass) lib/utils index exports > should export from utils (generateId, etc.)

src\lib\utils\test\theme-display.test.ts:
(pass) themeDisplay > ThemeDisplay class > should be defined and exportable
(pass) themeDisplay > ThemeDisplay class > should have static generateList method
(pass) themeDisplay > ThemeDisplay class > should have static generateColorPreview method
(pass) themeDisplay > ThemeDisplay class > should have static generateThemeComparison method
(pass) themeDisplay > ThemeDisplayOptions interface > should accept valid options
(pass) themeDisplay > ThemeDisplayOptions interface > should allow partial options
(pass) themeDisplay > ThemeDisplayOptions interface > should allow empty options
(pass) themeDisplay > generateList method > should generate list with default options
(pass) themeDisplay > generateList method > should generate compact list
(pass) themeDisplay > generateList method > should handle showCurrent false
(pass) themeDisplay > generateList method > should use specified number of columns
(pass) themeDisplay > generateList method > should handle missing current theme gracefully
(pass) themeDisplay > generateList method > should handle undefined options
(pass) themeDisplay > generateList method > should handle zero columns
(pass) themeDisplay > generateList method > should handle negative columns
(pass) themeDisplay > generateList method > should handle very large columns
(pass) themeDisplay > generateColorPreview method > should handle valid theme names
(pass) themeDisplay > generateColorPreview method > should handle invalid theme names
(pass) themeDisplay > generateColorPreview method > should return consistent output type
(pass) themeDisplay > generateThemeComparison method > should handle empty themes array
(pass) themeDisplay > generateThemeComparison method > should handle single theme
(pass) themeDisplay > generateThemeComparison method > should handle multiple themes
(pass) themeDisplay > generateThemeComparison method > should handle invalid themes gracefully
(pass) themeDisplay > generateThemeComparison method > should return consistent output format
(pass) themeDisplay > error handling and edge cases > should handle null current theme
(pass) themeDisplay > error handling and edge cases > should return string output
(pass) themeDisplay > error handling and edge cases > should have proper line breaks
(pass) themeDisplay > error handling and edge cases > should handle all method calls without throwing
(pass) themeDisplay > output formatting > should return string output for all methods
(pass) themeDisplay > output formatting > should have consistent formatting

src\lib\utils\test\utils.test.ts:
(pass) utils > cn function > should be defined and exportable
(pass) utils > cn function > should merge class names correctly
(pass) utils > cn function > should handle conditional classes
(pass) utils > cn function > should handle arrays of classes
(pass) utils > cn function > should handle objects with boolean values
(pass) utils > cn function > should handle empty inputs
(pass) utils > cn function > should handle null and undefined [16.00ms]
(pass) utils > cn function > should handle Tailwind CSS classes merging
(pass) utils > cn function > should handle complex class combinations
(pass) utils > generateId function > should be defined and exportable
(pass) utils > generateId function > should generate a string ID
(pass) utils > generateId function > should generate unique IDs [16.00ms]
(pass) utils > generateId function > should contain underscore separator
(pass) utils > generateId function > should have two parts separated by underscore
(pass) utils > generateId function > should generate different IDs on multiple calls [63.00ms]
(pass) utils > generateId function > should use base36 encoding
(pass) utils > formatTimestamp function > should be defined and exportable
(pass) utils > formatTimestamp function > should format Date object correctly
(pass) utils > formatTimestamp function > should format timestamp number correctly
(pass) utils > formatTimestamp function > should format specific date correctly
(pass) utils > formatTimestamp function > should pad single digits with zeros [15.00ms]
(pass) utils > formatTimestamp function > should handle different months correctly
(pass) utils > formatTimestamp function > should handle leap year correctly
(pass) utils > formatTimestamp function > should handle edge cases
(pass) utils > formatTimestamp function > should handle both Date and number inputs consistently
(pass) utils > formatTimestamp function > should return proper format structure

src\lib\utils\test\validation-utils.test.ts:
(pass) ValidationUtils > validateServiceMethod > should validate service and method names
(pass) ValidationUtils > validateServiceMethod > should return errors for invalid service
(pass) ValidationUtils > validateServiceMethod > should warn for unknown service
(pass) ValidationUtils > validateParameters > should validate parameters
(pass) ValidationUtils > validateParameters > should validate string type
(pass) ValidationUtils > validateParameters > should validate number type
(pass) ValidationUtils > validateParameters > should validate boolean type
(pass) ValidationUtils > validateParameters > should validate email type
(pass) ValidationUtils > validateParameters > should validate URL type
(pass) ValidationUtils > validateHttpMethod > should validate HTTP method
(pass) ValidationUtils > validateHttpMethod > should warn for query with non-GET method
(pass) ValidationUtils > sanitizeValue > should sanitize string value
(pass) ValidationUtils > sanitizeValue > should sanitize number value
(pass) ValidationUtils > sanitizeValue > should sanitize boolean value
(pass) ValidationUtils > validateUrl > should validate valid URL
(pass) ValidationUtils > validateUrl > should return error for invalid URL
(pass) ValidationUtils > validateEnvironment > should validate environment variables
(pass) ValidationUtils > formatValidationErrors > should format validation errors
(pass) ValidationUtils > formatValidationErrors > should return empty string for valid validation
(pass) ValidationUtils > isEmpty > should check if value is empty
(pass) ValidationUtils > validatePayloadSize > should validate payload size
(pass) ValidationUtils > validatePayloadSize > should return error for oversized payload

src\app\api\logs\test\route.test.ts:

# Unhandled error between tests
-------------------------------
207 |   /**
208 |    * Create a child logger with additional context
209 |    */
210 |   child(context: LogContext): ServerLogger {
211 |     const childLogger = new ServerLogger();
212 |     childLogger.pino = this.pino.child(context);
                                       ^
TypeError: this.pino.child is not a function. (In 'this.pino.child(context)', 'this.pino.child' is undefined)
      at child (C:\dev\portfolio-frontend\src\lib\logger\server-logger.ts:212:34)
      at C:\dev\portfolio-frontend\src\app\api\logs\route.ts:10:16
      at loadAndEvaluateModule (2:1)
-------------------------------


src\app\blog\[slug]\test\page.integration.test.tsx:

# Unhandled error between tests
-------------------------------
4 | import { describe, it, expect, vi, beforeEach } from "vitest";
5 | import { render, screen } from "@testing-library/react";
6 | import { notFound } from "next/navigation";
7 | import BlogPostPage from "../page";
8 | 
9 | vi.stubGlobal(
       ^
TypeError: vi.stubGlobal is not a function. (In 'vi.stubGlobal("fetch", vi.fn(function defaultFetch() {
  return Promise.resolve({ ok: !1 });
}))', 'vi.stubGlobal' is undefined)
      at C:\dev\portfolio-frontend\src\app\blog\[slug]\test\page.integration.test.tsx:9:4
      at loadAndEvaluateModule (2:1)
-------------------------------


src\components\atoms\shared\test\button.test.tsx:

# Unhandled error between tests
-------------------------------
17 |     warning: "#ffff00",
18 |     muted: "#888888",
19 |   },
20 | };
21 | 
22 | vi.mock("@/hooks/use-theme", () => ({
        ^
TypeError: vi.mock is not a function. (In 'vi.mock("@/hooks/use-theme", () => ({
  useTheme: vi.fn(() => ({
    themeConfig: mockThemeConfig,
    theme: "dark"
  }))
}))', 'vi.mock' is undefined)
      at C:\dev\portfolio-frontend\src\components\atoms\shared\test\button.test.tsx:22:4
      at loadAndEvaluateModule (2:1)
-------------------------------


src\components\atoms\shared\test\image-placeholder.test.tsx:
(pass) ImagePlaceholder > Basic Rendering > should render without crashing
(pass) ImagePlaceholder > Basic Rendering > should render as div element
(pass) ImagePlaceholder > Basic Rendering > should have default dimensions
(pass) ImagePlaceholder > Custom Dimensions > should apply custom width
(pass) ImagePlaceholder > Custom Dimensions > should apply custom height
(pass) ImagePlaceholder > Custom Dimensions > should apply both custom width and height
(pass) ImagePlaceholder > Custom Classes > should apply custom className
(pass) ImagePlaceholder > Animation > should have pulse animation
(pass) ImagePlaceholder > SVG Icon > should render SVG icon
(pass) ImagePlaceholder > SVG Icon > should have aria-hidden on SVG
(pass) ImagePlaceholder > SVG Icon > should have image icon path
(pass) ImagePlaceholder > Styling > should have relative positioning
(pass) ImagePlaceholder > Styling > should have overflow hidden
(pass) ImagePlaceholder > Styling > should have background colors for light and dark mode
(pass) ImagePlaceholder > Layout > should center the icon
(pass) ImagePlaceholder > Layout > should have full height inner div

src\components\atoms\shared\test\loading-spinner.test.tsx:

# Unhandled error between tests
-------------------------------
16 |     warning: "#ffff00",
17 |     muted: "#888888",
18 |   },
19 | };
20 | 
21 | vi.mock("@/hooks/use-theme", () => ({
        ^
TypeError: vi.mock is not a function. (In 'vi.mock("@/hooks/use-theme", () => ({
  useTheme: vi.fn(() => ({
    themeConfig: mockThemeConfig,
    theme: "dark"
  }))
}))', 'vi.mock' is undefined)
      at C:\dev\portfolio-frontend\src\components\atoms\shared\test\loading-spinner.test.tsx:21:4
      at loadAndEvaluateModule (2:1)
-------------------------------


src\components\atoms\shared\test\progress-indicator.test.tsx:

# Unhandled error between tests
-------------------------------
16 |     warning: "#ffff00",
17 |     muted: "#888888",
18 |   },
19 | };
20 | 
21 | vi.mock("@/hooks/use-theme", () => ({
        ^
TypeError: vi.mock is not a function. (In 'vi.mock("@/hooks/use-theme", () => ({
  useTheme: vi.fn(() => ({
    themeConfig: mockThemeConfig,
    theme: "dark"
  }))
}))', 'vi.mock' is undefined)
      at C:\dev\portfolio-frontend\src\components\atoms\shared\test\progress-indicator.test.tsx:21:4
      at loadAndEvaluateModule (2:1)
-------------------------------


src\components\atoms\shared\test\tech-badge.test.tsx:
(pass) TechBadge > Basic Rendering > should render without crashing
(pass) TechBadge > Basic Rendering > should render technology name [16.00ms]
(pass) TechBadge > Basic Rendering > should render as span element
(pass) TechBadge > Technology Colors > should apply React colors
(pass) TechBadge > Technology Colors > should apply TypeScript colors
(pass) TechBadge > Technology Colors > should apply default colors for unknown technology
(pass) TechBadge > Technology Colors > should be case-insensitive for technology matching
(pass) TechBadge > Count Display > should not render count when not provided
(pass) TechBadge > Count Display > should render count when provided
(pass) TechBadge > Count Display > should render count badge with proper styling
(pass) TechBadge > Sizes > should apply small size classes
(pass) TechBadge > Sizes > should apply medium size classes
(pass) TechBadge > Sizes > should apply large size classes
(pass) TechBadge > Sizes > should default to medium size
(pass) TechBadge > Interactive Mode > should not be interactive by default
(pass) TechBadge > Interactive Mode > should have button role when interactive
(pass) TechBadge > Interactive Mode > should have tabIndex when interactive
(pass) TechBadge > Interactive Mode > should call onClick when clicked and interactive
(pass) TechBadge > Interactive Mode > should not call onClick when not interactive
(pass) TechBadge > Interactive Mode > should handle Enter key press when interactive
(pass) TechBadge > Interactive Mode > should handle Space key press when interactive
(pass) TechBadge > Interactive Mode > should not handle other keys
(pass) TechBadge > Selected State > should apply selected styles when selected
(pass) TechBadge > Selected State > should not apply selected styles when not selected
(pass) TechBadge > Hover States > should apply hover styles when interactive
(pass) TechBadge > Hover States > should handle mouse enter
(pass) TechBadge > Hover States > should handle mouse leave
(pass) TechBadge > Styling > should have rounded-full class
(pass) TechBadge > Styling > should have border class
(pass) TechBadge > Styling > should have font-medium class
(pass) TechBadge > Styling > should have transition classes
(pass) TechBadge > Styling > should have font-mono for technology name
(pass) TechBadge > Known Technologies > should apply colors for React
(pass) TechBadge > Known Technologies > should apply colors for Vue
(pass) TechBadge > Known Technologies > should apply colors for Angular
(pass) TechBadge > Known Technologies > should apply colors for Next.js
(pass) TechBadge > Known Technologies > should apply colors for TypeScript
(pass) TechBadge > Known Technologies > should apply colors for JavaScript
(pass) TechBadge > Known Technologies > should apply colors for Node.js
(pass) TechBadge > Known Technologies > should apply colors for Python
(pass) TechBadge > Known Technologies > should apply colors for MongoDB
(pass) TechBadge > Known Technologies > should apply colors for PostgreSQL
(pass) TechBadge > Known Technologies > should apply colors for AWS
(pass) TechBadge > Known Technologies > should apply colors for Docker
(pass) TechBadge > Known Technologies > should apply colors for Git
(pass) TechBadge > Known Technologies > should apply colors for React Native
(pass) TechBadge > Known Technologies > should apply colors for Flutter

src\components\molecules\accessibility\test\accessibility-menu.test.tsx:

# Unhandled error between tests
-------------------------------
21 |   },
22 | };
23 | 
24 | const mockChangeTheme = vi.fn(() => true);
25 | 
26 | vi.mock("@/hooks/use-theme", () => ({
        ^
TypeError: vi.mock is not a function. (In 'vi.mock("@/hooks/use-theme", () => ({
  useTheme: () => ({
    themeConfig: mockThemeConfig,
    changeTheme: mockChangeTheme,
    theme: "default"
  })
}))', 'vi.mock' is undefined)
      at C:\dev\portfolio-frontend\src\components\molecules\accessibility\test\accessibility-menu.test.tsx:26:4
      at loadAndEvaluateModule (2:1)
-------------------------------


src\components\molecules\accessibility\test\screen-reader-announcer.test.tsx:
(pass) ScreenReaderAnnouncer > Rendering > should render with aria-live attribute

# Unhandled error between tests
-------------------------------
10 |     vi.clearAllMocks();
11 |     vi.useFakeTimers();
12 |   });
13 | 
14 |   afterEach(() => {
15 |     vi.useRealTimers();
            ^
TypeError: vi.useRealTimers is not a function. (In 'vi.useRealTimers()', 'vi.useRealTimers' is undefined)
      at <anonymous> (C:\dev\portfolio-frontend\src\components\molecules\accessibility\test\screen-reader-announcer.test.tsx:15:8)
-------------------------------

(pass) ScreenReaderAnnouncer > Rendering > should use assertive priority when specified

# Unhandled error between tests
-------------------------------
10 |     vi.clearAllMocks();
11 |     vi.useFakeTimers();
12 |   });
13 | 
14 |   afterEach(() => {
15 |     vi.useRealTimers();
            ^
TypeError: vi.useRealTimers is not a function. (In 'vi.useRealTimers()', 'vi.useRealTimers' is undefined)
      at <anonymous> (C:\dev\portfolio-frontend\src\components\molecules\accessibility\test\screen-reader-announcer.test.tsx:15:8)
-------------------------------

(pass) ScreenReaderAnnouncer > Rendering > should have sr-only class for visual hiding

# Unhandled error between tests
-------------------------------
10 |     vi.clearAllMocks();
11 |     vi.useFakeTimers();
12 |   });
13 | 
14 |   afterEach(() => {
15 |     vi.useRealTimers();
            ^
TypeError: vi.useRealTimers is not a function. (In 'vi.useRealTimers()', 'vi.useRealTimers' is undefined)
      at <anonymous> (C:\dev\portfolio-frontend\src\components\molecules\accessibility\test\screen-reader-announcer.test.tsx:15:8)
-------------------------------

(pass) ScreenReaderAnnouncer > Message Announcement > should display message after timeout

# Unhandled error between tests
-------------------------------
10 |     vi.clearAllMocks();
11 |     vi.useFakeTimers();
12 |   });
13 | 
14 |   afterEach(() => {
15 |     vi.useRealTimers();
            ^
TypeError: vi.useRealTimers is not a function. (In 'vi.useRealTimers()', 'vi.useRealTimers' is undefined)
      at <anonymous> (C:\dev\portfolio-frontend\src\components\molecules\accessibility\test\screen-reader-announcer.test.tsx:15:8)
-------------------------------

(pass) ScreenReaderAnnouncer > Message Announcement > should clear and re-announce when message changes

# Unhandled error between tests
-------------------------------
10 |     vi.clearAllMocks();
11 |     vi.useFakeTimers();
12 |   });
13 | 
14 |   afterEach(() => {
15 |     vi.useRealTimers();
            ^
TypeError: vi.useRealTimers is not a function. (In 'vi.useRealTimers()', 'vi.useRealTimers' is undefined)
      at <anonymous> (C:\dev\portfolio-frontend\src\components\molecules\accessibility\test\screen-reader-announcer.test.tsx:15:8)
-------------------------------

(pass) ScreenReaderAnnouncer > Message Announcement > should handle empty message

# Unhandled error between tests
-------------------------------
10 |     vi.clearAllMocks();
11 |     vi.useFakeTimers();
12 |   });
13 | 
14 |   afterEach(() => {
15 |     vi.useRealTimers();
            ^
TypeError: vi.useRealTimers is not a function. (In 'vi.useRealTimers()', 'vi.useRealTimers' is undefined)
      at <anonymous> (C:\dev\portfolio-frontend\src\components\molecules\accessibility\test\screen-reader-announcer.test.tsx:15:8)
-------------------------------

(pass) ScreenReaderAnnouncer > Accessibility > should be accessible to screen readers

# Unhandled error between tests
-------------------------------
10 |     vi.clearAllMocks();
11 |     vi.useFakeTimers();
12 |   });
13 | 
14 |   afterEach(() => {
15 |     vi.useRealTimers();
            ^
TypeError: vi.useRealTimers is not a function. (In 'vi.useRealTimers()', 'vi.useRealTimers' is undefined)
      at <anonymous> (C:\dev\portfolio-frontend\src\components\molecules\accessibility\test\screen-reader-announcer.test.tsx:15:8)
-------------------------------

(pass) ScreenReaderAnnouncer > Accessibility > should use polite priority by default

# Unhandled error between tests
-------------------------------
10 |     vi.clearAllMocks();
11 |     vi.useFakeTimers();
12 |   });
13 | 
14 |   afterEach(() => {
15 |     vi.useRealTimers();
            ^
TypeError: vi.useRealTimers is not a function. (In 'vi.useRealTimers()', 'vi.useRealTimers' is undefined)
      at <anonymous> (C:\dev\portfolio-frontend\src\components\molecules\accessibility\test\screen-reader-announcer.test.tsx:15:8)
-------------------------------


src\components\molecules\accessibility\test\skip-to-content.test.tsx:

# Unhandled error between tests
-------------------------------
13 |     muted: "#666666",
14 |     border: "#333333",
15 |   },
16 | };
17 | 
18 | vi.mock("@/hooks/use-theme", () => ({
        ^
TypeError: vi.mock is not a function. (In 'vi.mock("@/hooks/use-theme", () => ({
  useTheme: () => ({
    themeConfig: mockThemeConfig,
    mounted: !0
  })
}))', 'vi.mock' is undefined)
      at C:\dev\portfolio-frontend\src\components\molecules\accessibility\test\skip-to-content.test.tsx:18:4
      at loadAndEvaluateModule (2:1)
-------------------------------


src\components\molecules\admin\test\blog-editor.test.tsx:

# Unhandled error between tests
-------------------------------
36 |     blogPreview: "Preview",
37 |   };
38 |   return translations[key] || key;
39 | });
40 | 
41 | vi.mock("@/hooks/use-i18n", () => ({
        ^
TypeError: vi.mock is not a function. (In 'vi.mock("@/hooks/use-i18n", () => ({
  useI18n: () => ({
    t: mockT
  })
}))', 'vi.mock' is undefined)
      at C:\dev\portfolio-frontend\src\components\molecules\admin\test\blog-editor.test.tsx:41:4
      at loadAndEvaluateModule (2:1)
-------------------------------


src\components\molecules\admin\test\method-selector.test.tsx:
(pass) MethodSelector > Rendering > should render all methods
(pass) MethodSelector > Rendering > should render method descriptions
(pass) MethodSelector > Rendering > should render HTTP method badges
(pass) MethodSelector > Rendering > should render method type badges
(pass) MethodSelector > Rendering > should render parameter count when available
(pass) MethodSelector > Method Selection > should call onMethodSelect when method is clicked
(pass) MethodSelector > Method Selection > should highlight selected method
(pass) MethodSelector > Method Selection > should show selection indicator for selected method
(pass) MethodSelector > Method Icons > should show query icon for query methods
(pass) MethodSelector > Method Icons > should show mutation icon for mutation methods
(pass) MethodSelector > Method Colors > should apply correct color for GET method
(pass) MethodSelector > Method Colors > should apply correct color for POST method
(pass) MethodSelector > Method Colors > should apply correct color for PUT method
(pass) MethodSelector > Method Colors > should apply correct color for DELETE method
(pass) MethodSelector > Empty State > should render nothing when methods array is empty

src\components\molecules\admin\test\parameter-input.test.tsx:
(pass) ParameterInput > Rendering > should render all parameters
(pass) ParameterInput > Rendering > should show required/optional badges
(pass) ParameterInput > Rendering > should show type badges
(pass) ParameterInput > Rendering > should show parameter descriptions
(pass) ParameterInput > Parameter Expansion > should hide input by default
(pass) ParameterInput > Parameter Expansion > should show input when parameter is expanded
(pass) ParameterInput > Parameter Expansion > should toggle expansion on click
(pass) ParameterInput > String Input > should render text input for string type
(pass) ParameterInput > String Input > should call onChange when string value changes
(pass) ParameterInput > String Input > should display current string value
(pass) ParameterInput > Number Input > should render number input for number type
(pass) ParameterInput > Number Input > should call onChange with number when value changes
(pass) ParameterInput > Number Input > should display current number value
(pass) ParameterInput > Boolean Input > should render select for boolean type
(pass) ParameterInput > Boolean Input > should call onChange with boolean when value changes
(pass) ParameterInput > Boolean Input > should display current boolean value
(pass) ParameterInput > Object Input > should render textarea for object type
(pass) ParameterInput > Object Input > should call onChange with parsed object when valid JSON
(pass) ParameterInput > Object Input > should call onChange with string when invalid JSON
(pass) ParameterInput > Object Input > should display current object value as JSON
(pass) ParameterInput > Empty State > should render nothing when parameters array is empty

src\components\molecules\admin\test\protected-route.test.tsx:

# Unhandled error between tests
-------------------------------
3 | import { canRunTests, ensureDocumentBody } from "@/test/test-helpers";
4 | import { ProtectedRoute } from "../protected-route";
5 | 
6 | // Mock Next.js navigation
7 | const mockPush = vi.fn();
8 | vi.mock("next/navigation", () => ({
       ^
TypeError: vi.mock is not a function. (In 'vi.mock("next/navigation", () => ({
  useRouter: () => ({
    push: mockPush,
    replace: vi.fn(),
    prefetch: vi.fn(),
    back: vi.fn(),
    forward: vi.fn(),
    refresh: vi.fn()
  })
}))', 'vi.mock' is undefined)
      at C:\dev\portfolio-frontend\src\components\molecules\admin\test\protected-route.test.tsx:8:4
      at loadAndEvaluateModule (2:1)
-------------------------------


src\components\molecules\admin\test\request-response-panel.test.tsx:
(pass) RequestResponsePanel > Rendering > should render request and response tabs
(pass) RequestResponsePanel > Rendering > should show request tab by default
(pass) RequestResponsePanel > Tab Switching > should switch to response tab when clicked
(pass) RequestResponsePanel > Tab Switching > should switch back to request tab when clicked
(pass) RequestResponsePanel > Request Log Display > should display request log content
(pass) RequestResponsePanel > Request Log Display > should show placeholder when request log is empty
(pass) RequestResponsePanel > Request Log Display > should show copy button when request log has content
(pass) RequestResponsePanel > Request Log Display > should not show copy button when request log is empty
(pass) RequestResponsePanel > Response Log Display > should display response log content
(pass) RequestResponsePanel > Response Log Display > should show placeholder when response log is empty and not loading
(pass) RequestResponsePanel > Response Log Display > should show loading indicator when isLoading is true
(pass) RequestResponsePanel > Response Log Display > should show copy button when response log has content
(pass) RequestResponsePanel > Copy to Clipboard > should copy request log to clipboard
(pass) RequestResponsePanel > Copy to Clipboard > should copy response log to clipboard
(pass) RequestResponsePanel > Copy to Clipboard > should handle clipboard errors gracefully
(pass) RequestResponsePanel > Textarea Properties > should make textareas read-only

src\components\molecules\admin\test\service-selector.test.tsx:
(pass) ServiceSelector > Rendering > should render all services
(pass) ServiceSelector > Rendering > should render service descriptions
(pass) ServiceSelector > Rendering > should render method count
(pass) ServiceSelector > Rendering > should render service initial letter
(pass) ServiceSelector > Service Selection > should call onServiceSelect when service is clicked
(pass) ServiceSelector > Service Selection > should highlight selected service
(pass) ServiceSelector > Service Selection > should show selection indicator for selected service
(pass) ServiceSelector > Empty State > should render nothing when services array is empty

src\components\molecules\admin\test\terminal-header.test.tsx:

# Unhandled error between tests
-------------------------------
16 |     error: "#ff4444",
17 |     warning: "#ffaa00",
18 |   },
19 | };
20 | 
21 | vi.mock("@/hooks/use-theme", () => ({
        ^
TypeError: vi.mock is not a function. (In 'vi.mock("@/hooks/use-theme", () => ({
  useTheme: () => ({
    themeConfig: mockThemeConfig
  })
}))', 'vi.mock' is undefined)
      at C:\dev\portfolio-frontend\src\components\molecules\admin\test\terminal-header.test.tsx:21:4
      at loadAndEvaluateModule (2:1)
-------------------------------


src\components\molecules\admin\test\terminal-login-form.test.tsx:

# Unhandled error between tests
-------------------------------
16 |   },
17 | };
18 | 
19 | // Mock auth context
20 | const mockLogin = vi.fn();
21 | vi.mock("@/lib/auth/auth-context", () => ({
        ^
TypeError: vi.mock is not a function. (In 'vi.mock("@/lib/auth/auth-context", () => ({
  useAuth: () => ({
    login: mockLogin
  })
}))', 'vi.mock' is undefined)
      at C:\dev\portfolio-frontend\src\components\molecules\admin\test\terminal-login-form.test.tsx:21:4
      at loadAndEvaluateModule (2:1)
-------------------------------


src\components\molecules\customization\test\background-manager.test.tsx:

# Unhandled error between tests
-------------------------------
15 |     success: "#00ff41",
16 |     error: "#ff4444",
17 |   },
18 | };
19 | 
20 | vi.mock("@/hooks/use-theme", () => ({
        ^
TypeError: vi.mock is not a function. (In 'vi.mock("@/hooks/use-theme", () => ({
  useTheme: () => ({
    themeConfig: mockThemeConfig
  })
}))', 'vi.mock' is undefined)
      at C:\dev\portfolio-frontend\src\components\molecules\customization\test\background-manager.test.tsx:20:4
      at loadAndEvaluateModule (2:1)
-------------------------------


src\components\molecules\customization\test\customization-button.test.tsx:

# Unhandled error between tests
-------------------------------
13 |     muted: "#666666",
14 |     border: "#333333",
15 |   },
16 | };
17 | 
18 | vi.mock("@/hooks/use-theme", () => ({
        ^
TypeError: vi.mock is not a function. (In 'vi.mock("@/hooks/use-theme", () => ({
  useTheme: () => ({
    themeConfig: mockThemeConfig,
    theme: "default"
  })
}))', 'vi.mock' is undefined)
      at C:\dev\portfolio-frontend\src\components\molecules\customization\test\customization-button.test.tsx:18:4
      at loadAndEvaluateModule (2:1)
-------------------------------


src\components\molecules\customization\test\font-manager.test.tsx:

# Unhandled error between tests
-------------------------------
17 |     error: "#ff4444",
18 |     prompt: "#00ff41",
19 |   },
20 | };
21 | 
22 | vi.mock("@/hooks/use-theme", () => ({
        ^
TypeError: vi.mock is not a function. (In 'vi.mock("@/hooks/use-theme", () => ({
  useTheme: () => ({
    themeConfig: mockThemeConfig
  })
}))', 'vi.mock' is undefined)
      at C:\dev\portfolio-frontend\src\components\molecules\customization\test\font-manager.test.tsx:22:4
      at loadAndEvaluateModule (2:1)
-------------------------------


src\components\molecules\customization\test\import-export-manager.test.tsx:

# Unhandled error between tests
-------------------------------
16 |     error: "#ff4444",
17 |     prompt: "#00ff41",
18 |   },
19 | };
20 | 
21 | vi.mock("@/hooks/use-theme", () => ({
        ^
TypeError: vi.mock is not a function. (In 'vi.mock("@/hooks/use-theme", () => ({
  useTheme: () => ({
    themeConfig: mockThemeConfig
  })
}))', 'vi.mock' is undefined)
      at C:\dev\portfolio-frontend\src\components\molecules\customization\test\import-export-manager.test.tsx:21:4
      at loadAndEvaluateModule (2:1)
-------------------------------


src\components\molecules\customization\test\settings-manager.test.tsx:

# Unhandled error between tests
-------------------------------
15 |     success: "#00ff41",
16 |     error: "#ff4444",
17 |   },
18 | };
19 | 
20 | vi.mock("@/hooks/use-theme", () => ({
        ^
TypeError: vi.mock is not a function. (In 'vi.mock("@/hooks/use-theme", () => ({
  useTheme: () => ({
    themeConfig: mockThemeConfig,
    theme: "default"
  })
}))', 'vi.mock' is undefined)
      at C:\dev\portfolio-frontend\src\components\molecules\customization\test\settings-manager.test.tsx:20:4
      at loadAndEvaluateModule (2:1)
-------------------------------


src\components\molecules\customization\test\theme-editor.test.tsx:

# Unhandled error between tests
-------------------------------
16 |     success: "#00ff41",
17 |     error: "#ff4444",
18 |   },
19 | };
20 | 
21 | vi.mock("@/hooks/use-theme", () => ({
        ^
TypeError: vi.mock is not a function. (In 'vi.mock("@/hooks/use-theme", () => ({
  useTheme: () => ({
    themeConfig: mockThemeConfig
  })
}))', 'vi.mock' is undefined)
      at C:\dev\portfolio-frontend\src\components\molecules\customization\test\theme-editor.test.tsx:21:4
      at loadAndEvaluateModule (2:1)
-------------------------------


src\components\molecules\customization\test\theme-manager.test.tsx:

# Unhandled error between tests
-------------------------------
19 | };
20 | 
21 | const mockChangeTheme = vi.fn(() => true);
22 | const mockIsThemeActive = vi.fn(() => false) as any;
23 | 
24 | vi.mock("@/hooks/use-theme", () => ({
        ^
TypeError: vi.mock is not a function. (In 'vi.mock("@/hooks/use-theme", () => ({
  useTheme: () => ({
    themeConfig: mockThemeConfig,
    changeTheme: mockChangeTheme,
    isThemeActive: mockIsThemeActive
  })
}))', 'vi.mock' is undefined)
      at C:\dev\portfolio-frontend\src\components\molecules\customization\test\theme-manager.test.tsx:24:4
      at loadAndEvaluateModule (2:1)
-------------------------------


src\components\molecules\customization\test\theme-preview.test.tsx:

# Unhandled error between tests
-------------------------------
16 |     success: "#00ff41",
17 |     error: "#ff4444",
18 |   },
19 | };
20 | 
21 | vi.mock("@/hooks/use-theme", () => ({
        ^
TypeError: vi.mock is not a function. (In 'vi.mock("@/hooks/use-theme", () => ({
  useTheme: () => ({
    themeConfig: mockThemeConfig
  })
}))', 'vi.mock' is undefined)
      at C:\dev\portfolio-frontend\src\components\molecules\customization\test\theme-preview.test.tsx:21:4
      at loadAndEvaluateModule (2:1)
-------------------------------


src\components\molecules\projects\test\project-card.test.tsx:

# Unhandled error between tests
-------------------------------
3 | import { canRunTests, ensureDocumentBody } from "@/test/test-helpers";
4 | import { ProjectCard } from "../project-card";
5 | import type { Project } from "@/lib/data/data-fetching";
6 | 
7 | // Mock OptimizedImage
8 | vi.mock("@/components/molecules/shared/optimized-image", () => ({
       ^
TypeError: vi.mock is not a function. (In 'vi.mock("@/components/molecules/shared/optimized-image", () => ({
  OptimizedImage: ({ alt }) => jsxDEV_7x81h0kn("div", {
    "data-testid": "optimized-image",
    children: alt
  }, void 0, !1, void 0, this)
}))', 'vi.mock' is undefined)
      at C:\dev\portfolio-frontend\src\components\molecules\projects\test\project-card.test.tsx:8:4
      at loadAndEvaluateModule (2:1)
-------------------------------


src\components\molecules\projects\test\project-demo-modal.test.tsx:
(pass) ProjectDemoModal > Rendering > should not render when isOpen is false
(pass) ProjectDemoModal > Rendering > should render when isOpen is true
(pass) ProjectDemoModal > Rendering > should render project title
(pass) ProjectDemoModal > Rendering > should render project description
(pass) ProjectDemoModal > Rendering > should render action buttons
(pass) ProjectDemoModal > Rendering > should render iframe
(pass) ProjectDemoModal > Error States > should show project not found when project is null
(pass) ProjectDemoModal > Error States > should show demo not available when demoUrl is missing
(pass) ProjectDemoModal > Actions > should call onClose when close button is clicked
(pass) ProjectDemoModal > Actions > should open external link when external button is clicked
(pass) ProjectDemoModal > Actions > should refresh iframe when refresh button is clicked
(pass) ProjectDemoModal > Loading State > should show loading indicator initially
(pass) ProjectDemoModal > Loading State > should hide loading when iframe loads
(pass) ProjectDemoModal > Error Handling > should show error message when iframe fails to load
(pass) ProjectDemoModal > Error Handling > should show try again button on error

src\components\molecules\pwa\test\pwa-install-prompt.test.tsx:

# Unhandled error between tests
-------------------------------
13 |     muted: "#666666",
14 |     border: "#333333",
15 |   },
16 | };
17 | 
18 | vi.mock("@/hooks/use-theme", () => ({
        ^
TypeError: vi.mock is not a function. (In 'vi.mock("@/hooks/use-theme", () => ({
  useTheme: () => ({
    themeConfig: mockThemeConfig
  })
}))', 'vi.mock' is undefined)
      at C:\dev\portfolio-frontend\src\components\molecules\pwa\test\pwa-install-prompt.test.tsx:18:4
      at loadAndEvaluateModule (2:1)
-------------------------------


src\components\molecules\roadmap\test\progress-bar.test.tsx:

# Unhandled error between tests
-------------------------------
13 |     muted: "#666666",
14 |     border: "#333333",
15 |   },
16 | };
17 | 
18 | vi.mock("@/hooks/use-theme", () => ({
        ^
TypeError: vi.mock is not a function. (In 'vi.mock("@/hooks/use-theme", () => ({
  useTheme: () => ({
    themeConfig: mockThemeConfig,
    theme: "default"
  })
}))', 'vi.mock' is undefined)
      at C:\dev\portfolio-frontend\src\components\molecules\roadmap\test\progress-bar.test.tsx:18:4
      at loadAndEvaluateModule (2:1)
-------------------------------


src\components\molecules\roadmap\test\skill-card.test.tsx:

# Unhandled error between tests
-------------------------------
16 |     success: "#00ff41",
17 |     prompt: "#00ff41",
18 |   },
19 | };
20 | 
21 | vi.mock("@/hooks/use-theme", () => ({
        ^
TypeError: vi.mock is not a function. (In 'vi.mock("@/hooks/use-theme", () => ({
  useTheme: () => ({
    themeConfig: mockThemeConfig,
    theme: "default"
  })
}))', 'vi.mock' is undefined)
      at C:\dev\portfolio-frontend\src\components\molecules\roadmap\test\skill-card.test.tsx:21:4
      at loadAndEvaluateModule (2:1)
-------------------------------


src\components\molecules\seo\test\breadcrumb.test.tsx:

# Unhandled error between tests
-------------------------------
2 | import { render, screen } from "@testing-library/react";
3 | import { canRunTests, ensureDocumentBody } from "@/test/test-helpers";
4 | import { Breadcrumb, BreadcrumbTemplates } from "../breadcrumb";
5 | 
6 | // Mock Next.js Link
7 | vi.mock("next/link", () => ({
       ^
TypeError: vi.mock is not a function. (In 'vi.mock("next/link", () => ({
  default: ({ children, href }) => jsxDEV_7x81h0kn("a", {
    href,
    children
  }, void 0, !1, void 0, this)
}))', 'vi.mock' is undefined)
      at C:\dev\portfolio-frontend\src\components\molecules\seo\test\breadcrumb.test.tsx:7:4
      at loadAndEvaluateModule (2:1)
-------------------------------


src\components\molecules\seo\test\faq.test.tsx:
(pass) FAQ > Rendering > should render FAQ component
(pass) FAQ > Rendering > should render custom title
(pass) FAQ > Rendering > should render all FAQ items
(pass) FAQ > Rendering > should not show answers initially
(pass) FAQ > Rendering > should include structured data script
(pass) FAQ > Interactions > should toggle answer when question is clicked
(pass) FAQ > Interactions > should close answer when question is clicked again
(pass) FAQ > Interactions > should allow multiple items to be open
(pass) FAQ > Interactions > should have correct ARIA attributes
(pass) FAQ > DeveloperFAQ > should render DeveloperFAQ with CommonFAQItems
(pass) FAQ > CommonFAQItems > should contain expected FAQ items

src\components\molecules\seo\test\json-ld.test.tsx:
(pass) JsonLd > JsonLd Component > should render script tag with JSON-LD data
(pass) JsonLd > JsonLd Component > should use custom type
(pass) JsonLd > PersonSchema > should render person schema
(pass) JsonLd > PersonSchema > should include optional fields
(pass) JsonLd > WebSiteSchema > should render website schema
(pass) JsonLd > SoftwareApplicationSchema > should render software application schema
(pass) JsonLd > OrganizationSchema > should render organization schema
(pass) JsonLd > BreadcrumbListSchema > should render breadcrumb list schema
(pass) JsonLd > FAQPageSchema > should render FAQ page schema
(pass) JsonLd > ArticleSchema > should render article schema

src\components\molecules\seo\test\seo-head.test.tsx:
(pass) SEOHead > Meta Tags > should update document title
(pass) SEOHead > Meta Tags > should create description meta tag
(pass) SEOHead > Meta Tags > should create keywords meta tag
(pass) SEOHead > Meta Tags > should create robots meta tag
(pass) SEOHead > Meta Tags > should create canonical link
(pass) SEOHead > Open Graph Tags > should create OG title tag
(pass) SEOHead > Open Graph Tags > should create OG description tag
(pass) SEOHead > Open Graph Tags > should create OG type tag
(pass) SEOHead > Twitter Tags > should create Twitter card tag
(pass) SEOHead > Structured Data > should add structured data script
(pass) SEOHead > ProjectSEO > should render ProjectSEO with structured data
(pass) SEOHead > SkillSEO > should render SkillSEO with structured data

src\components\molecules\shared\test\ascii-banner.test.tsx:

# Unhandled error between tests
-------------------------------
13 |     muted: "#666666",
14 |     border: "#333333",
15 |   },
16 | };
17 | 
18 | vi.mock("@/hooks/use-theme", () => ({
        ^
TypeError: vi.mock is not a function. (In 'vi.mock("@/hooks/use-theme", () => ({
  useTheme: () => ({
    themeConfig: mockThemeConfig,
    theme: "default"
  })
}))', 'vi.mock' is undefined)
      at C:\dev\portfolio-frontend\src\components\molecules\shared\test\ascii-banner.test.tsx:18:4
      at loadAndEvaluateModule (2:1)
-------------------------------


src\components\molecules\shared\test\critical-css.test.tsx:
(pass) CriticalCSS > Rendering > should render critical CSS style tag
(pass) CriticalCSS > Rendering > should include theme CSS variables
(pass) CriticalCSS > Rendering > should include font variables
(pass) CriticalCSS > Rendering > should include body styles
(pass) CriticalCSS > Rendering > should include theme class
(pass) CriticalCSS > Rendering > should include utility classes
(pass) CriticalCSS > Rendering > should include media queries
(pass) CriticalCSS > Rendering > should include accessibility styles

src\components\molecules\shared\test\development-banner.test.tsx:

# Unhandled error between tests
-------------------------------
17 |     warning: "#ffaa00",
18 |     error: "#ff4444",
19 |   },
20 | };
21 | 
22 | vi.mock("@/hooks/use-theme", () => ({
        ^
TypeError: vi.mock is not a function. (In 'vi.mock("@/hooks/use-theme", () => ({
  useTheme: () => ({
    themeConfig: mockThemeConfig
  })
}))', 'vi.mock' is undefined)
      at C:\dev\portfolio-frontend\src\components\molecules\shared\test\development-banner.test.tsx:22:4
      at loadAndEvaluateModule (2:1)
-------------------------------


src\components\molecules\shared\test\home-terminal-header.test.tsx:

# Unhandled error between tests
-------------------------------
15 |     success: "#00ff41",
16 |     error: "#ff4444",
17 |   },
18 | };
19 | 
20 | vi.mock("@/hooks/use-theme", () => ({
        ^
TypeError: vi.mock is not a function. (In 'vi.mock("@/hooks/use-theme", () => ({
  useTheme: () => ({
    themeConfig: mockThemeConfig
  })
}))', 'vi.mock' is undefined)
      at C:\dev\portfolio-frontend\src\components\molecules\shared\test\home-terminal-header.test.tsx:20:4
      at loadAndEvaluateModule (2:1)
-------------------------------


src\components\molecules\shared\test\interactive-welcome.test.tsx:

# Unhandled error between tests
-------------------------------
13 |     muted: "#666666",
14 |     border: "#333333",
15 |   },
16 | };
17 | 
18 | vi.mock("@/hooks/use-theme", () => ({
        ^
TypeError: vi.mock is not a function. (In 'vi.mock("@/hooks/use-theme", () => ({
  useTheme: () => ({
    themeConfig: mockThemeConfig
  })
}))', 'vi.mock' is undefined)
      at C:\dev\portfolio-frontend\src\components\molecules\shared\test\interactive-welcome.test.tsx:18:4
      at loadAndEvaluateModule (2:1)
-------------------------------


src\components\molecules\shared\test\language-switcher.test.tsx:

# Unhandled error between tests
-------------------------------
11 |     accent: "#00ff00",
12 |     border: "#333333",
13 |   },
14 | };
15 | 
16 | vi.mock("@/hooks/use-theme", () => ({
        ^
TypeError: vi.mock is not a function. (In 'vi.mock("@/hooks/use-theme", () => ({
  useTheme: () => ({
    themeConfig: mockThemeConfig
  })
}))', 'vi.mock' is undefined)
      at C:\dev\portfolio-frontend\src\components\molecules\shared\test\language-switcher.test.tsx:16:4
      at loadAndEvaluateModule (2:1)
-------------------------------


src\components\molecules\shared\test\lazy-components.test.tsx:

# Unhandled error between tests
-------------------------------
20 |     muted: "#666666",
21 |     border: "#333333",
22 |   },
23 | };
24 | 
25 | vi.mock("@/hooks/use-theme", () => ({
        ^
TypeError: vi.mock is not a function. (In 'vi.mock("@/hooks/use-theme", () => ({
  useTheme: () => ({
    themeConfig: mockThemeConfig
  })
}))', 'vi.mock' is undefined)
      at C:\dev\portfolio-frontend\src\components\molecules\shared\test\lazy-components.test.tsx:25:4
      at loadAndEvaluateModule (2:1)
-------------------------------


src\components\molecules\shared\test\lazy-index.test.tsx:
(pass) LazyIndex > Exports > should export LazyCustomizationManager
(pass) LazyIndex > Exports > should export LazyThemeEditor
(pass) LazyIndex > Exports > should export LazyFontManager
(pass) LazyIndex > Exports > should export LazyRoadmapVisualizer
(pass) LazyIndex > Exports > should export LazyLoadingFallback

src\components\molecules\shared\test\letter-glitch-client.test.tsx:
(pass) LetterGlitchClient > Rendering > should render canvas element
(pass) LetterGlitchClient > Rendering > should render with default props
(pass) LetterGlitchClient > Rendering > should render with custom className
(pass) LetterGlitchClient > Rendering > should render outer vignette when enabled
(pass) LetterGlitchClient > Rendering > should render center vignette when enabled
(pass) LetterGlitchClient > Rendering > should not render vignettes when disabled
(pass) LetterGlitchClient > Canvas Initialization > should initialize canvas context on mount
(pass) LetterGlitchClient > Canvas Initialization > should set canvas dimensions based on parent
(pass) LetterGlitchClient > Props Handling > should use custom glitch colors
(pass) LetterGlitchClient > Props Handling > should use custom glitch speed
(pass) LetterGlitchClient > Props Handling > should use custom characters
(pass) LetterGlitchClient > Props Handling > should handle smooth animation
(pass) LetterGlitchClient > Props Handling > should handle non-smooth animation
(pass) LetterGlitchClient > Animation > should start animation on mount
(pass) LetterGlitchClient > Animation > should handle animation frame callbacks
(pass) LetterGlitchClient > Resize Handling > should handle window resize
(pass) LetterGlitchClient > Resize Handling > should debounce resize events
(pass) LetterGlitchClient > Cleanup > should cleanup animation frame on unmount
(pass) LetterGlitchClient > Cleanup > should remove resize listener on unmount
(pass) LetterGlitchClient > Style Handling > should apply fixed position when className includes 'fixed'
(pass) LetterGlitchClient > Style Handling > should apply z-index 0 when className includes 'z-0'
(pass) LetterGlitchClient > Style Handling > should use default z-index when not specified
(pass) LetterGlitchClient > Edge Cases > should handle missing canvas element gracefully
(pass) LetterGlitchClient > Edge Cases > should handle missing parent element gracefully
(pass) LetterGlitchClient > Edge Cases > should handle empty glitch colors array
(pass) LetterGlitchClient > Edge Cases > should handle empty characters string

src\components\molecules\shared\test\letter-glitch.test.tsx:

# Unhandled error between tests
-------------------------------
2 | import { render } from "@testing-library/react";
3 | import { canRunTests, ensureDocumentBody } from "@/test/test-helpers";
4 | import { LetterGlitch } from "../letter-glitch";
5 | 
6 | // Mock dynamic import
7 | vi.mock("next/dynamic", () => ({
       ^
TypeError: vi.mock is not a function. (In 'vi.mock("next/dynamic", () => ({
  default: (_loader) => {
    return () => jsxDEV_7x81h0kn("canvas", {
      className: "fixed inset-0 w-full h-full pointer-events-none opacity-20",
      style: {
        zIndex: -10,
        background: "transparent"
      },
      "aria-hidden": "true",
      "data-testid": "letter-glitch-canvas"
    }, void 0, !1, void 0, this);
  }
}))', 'vi.mock' is undefined)
      at C:\dev\portfolio-frontend\src\components\molecules\shared\test\letter-glitch.test.tsx:7:4
      at loadAndEvaluateModule (2:1)
-------------------------------


src\components\molecules\shared\test\no-ssr.test.tsx:
(pass) NoSSR > Rendering > should render fallback initially [16.00ms]
(pass) NoSSR > Rendering > should render children after mount
(pass) NoSSR > Rendering > should render null fallback by default
(pass) NoSSR > Rendering > should render children after mount with null fallback

src\components\molecules\shared\test\notification-toast.test.tsx:

# Unhandled error between tests
-------------------------------
15 |     warning: "#ffaa00",
16 |     info: "#00aaff",
17 |   },
18 | };
19 | 
20 | vi.mock("@/hooks/use-theme", () => ({
        ^
TypeError: vi.mock is not a function. (In 'vi.mock("@/hooks/use-theme", () => ({
  useTheme: () => ({
    themeConfig: mockThemeConfig,
    theme: "default"
  })
}))', 'vi.mock' is undefined)
      at C:\dev\portfolio-frontend\src\components\molecules\shared\test\notification-toast.test.tsx:20:4
      at loadAndEvaluateModule (2:1)
-------------------------------


src\components\molecules\shared\test\optimized-image.test.tsx:

# Unhandled error between tests
-------------------------------
2 | import { render, screen, waitFor, fireEvent } from "@testing-library/react";
3 | import { canRunTests, ensureDocumentBody } from "@/test/test-helpers";
4 | import { OptimizedImage } from "../optimized-image";
5 | 
6 | // Mock Next.js Image
7 | vi.mock("next/image", () => ({
       ^
TypeError: vi.mock is not a function. (In 'vi.mock("next/image", () => ({
  default: ({
    src,
    alt,
    onLoadingComplete,
    onError
  }) => {
    setTimeout(() => {
      if (onLoadingComplete)
        onLoadingComplete();
    }, 100);
    return jsxDEV_7x81h0kn("img", {
      src,
      alt,
      onError,
      "data-testid": "next-image"
    }, void 0, !1, void 0, this);
  }
}))', 'vi.mock' is undefined)
      at C:\dev\portfolio-frontend\src\components\molecules\shared\test\optimized-image.test.tsx:7:4
      at loadAndEvaluateModule (2:1)
-------------------------------


src\components\molecules\shared\test\safe-components.test.tsx:
(pass) safe-components > should be importable without errors

src\components\molecules\shared\test\server-static-commands.test.tsx:
(pass) ServerStaticCommands > Rendering > should render static commands container
(pass) ServerStaticCommands > Rendering > should include help output
(pass) ServerStaticCommands > Rendering > should include about output
(pass) ServerStaticCommands > Rendering > should include projects output
(pass) ServerStaticCommands > Rendering > should be hidden by default
(pass) ServerStaticCommands > usePrerenderedCommand > should return null on server side
(pass) ServerStaticCommands > usePrerenderedCommand > should return command output when element exists
(pass) ServerStaticCommands > usePrerenderedCommand > should return null when element does not exist

src\components\molecules\shared\test\theme-switcher.test.tsx:

# Unhandled error between tests
-------------------------------
 5 | 
 6 | // Mock theme hook
 7 | const mockChangeTheme = vi.fn(() => true);
 8 | const mockAvailableThemes = ["dark", "light", "terminal"];
 9 | 
10 | vi.mock("@/hooks/use-theme", () => ({
        ^
TypeError: vi.mock is not a function. (In 'vi.mock("@/hooks/use-theme", () => ({
  useTheme: () => ({
    theme: "dark",
    changeTheme: mockChangeTheme,
    availableThemes: mockAvailableThemes
  })
}))', 'vi.mock' is undefined)
      at C:\dev\portfolio-frontend\src\components\molecules\shared\test\theme-switcher.test.tsx:10:4
      at loadAndEvaluateModule (2:1)
-------------------------------


src\components\molecules\shared\test\time-display.test.tsx:

# Unhandled error between tests
-------------------------------
18 |   timezone: "America/New_York",
19 |   offset: -5,
20 |   isDST: true,
21 | };
22 | 
23 | const { mockGetLocation } = vi.hoisted(() => ({
                                    ^
TypeError: vi.hoisted is not a function. (In 'vi.hoisted(() => ({
  mockGetLocation: vi.fn()
}))', 'vi.hoisted' is undefined)
      at C:\dev\portfolio-frontend\src\components\molecules\shared\test\time-display.test.tsx:23:32
      at loadAndEvaluateModule (2:1)
-------------------------------


src\components\molecules\terminal\test\command-input.test.tsx:

# Unhandled error between tests
-------------------------------
12 |     border: "#333333",
13 |     error: "#ff4444",
14 |   },
15 | };
16 | 
17 | vi.mock("@/hooks/use-theme", () => ({
        ^
TypeError: vi.mock is not a function. (In 'vi.mock("@/hooks/use-theme", () => ({
  useTheme: () => ({
    themeConfig: mockThemeConfig,
    theme: "default"
  })
}))', 'vi.mock' is undefined)
      at C:\dev\portfolio-frontend\src\components\molecules\terminal\test\command-input.test.tsx:17:4
      at loadAndEvaluateModule (2:1)
-------------------------------


src\components\molecules\terminal\test\command-loading-indicator.test.tsx:

# Unhandled error between tests
-------------------------------
11 |     accent: "#00ff00",
12 |     border: "#333333",
13 |   },
14 | };
15 | 
16 | vi.mock("@/hooks/use-theme", () => ({
        ^
TypeError: vi.mock is not a function. (In 'vi.mock("@/hooks/use-theme", () => ({
  useTheme: () => ({
    themeConfig: mockThemeConfig
  })
}))', 'vi.mock' is undefined)
      at C:\dev\portfolio-frontend\src\components\molecules\terminal\test\command-loading-indicator.test.tsx:16:4
      at loadAndEvaluateModule (2:1)
-------------------------------


src\components\molecules\terminal\test\command-output.test.tsx:

# Unhandled error between tests
-------------------------------
16 |     warning: "#ffaa00",
17 |     info: "#00aaff",
18 |   },
19 | };
20 | 
21 | vi.mock("@/hooks/use-theme", () => ({
        ^
TypeError: vi.mock is not a function. (In 'vi.mock("@/hooks/use-theme", () => ({
  useTheme: () => ({
    themeConfig: mockThemeConfig,
    theme: "default"
  })
}))', 'vi.mock' is undefined)
      at C:\dev\portfolio-frontend\src\components\molecules\terminal\test\command-output.test.tsx:21:4
      at loadAndEvaluateModule (2:1)
-------------------------------


src\components\molecules\terminal\test\command-relationship-visualizer.test.tsx:

# Unhandled error between tests
-------------------------------
11 |     accent: "#00ff00",
12 |     border: "#333333",
13 |   },
14 | };
15 | 
16 | vi.mock("@/hooks/use-theme", () => ({
        ^
TypeError: vi.mock is not a function. (In 'vi.mock("@/hooks/use-theme", () => ({
  useTheme: () => ({
    themeConfig: mockThemeConfig
  })
}))', 'vi.mock' is undefined)
      at C:\dev\portfolio-frontend\src\components\molecules\terminal\test\command-relationship-visualizer.test.tsx:16:4
      at loadAndEvaluateModule (2:1)
-------------------------------


src\components\molecules\terminal\test\command-suggestions.test.tsx:

# Unhandled error between tests
-------------------------------
11 |     accent: "#00ff00",
12 |     border: "#333333",
13 |   },
14 | };
15 | 
16 | vi.mock("@/hooks/use-theme", () => ({
        ^
TypeError: vi.mock is not a function. (In 'vi.mock("@/hooks/use-theme", () => ({
  useTheme: () => ({
    themeConfig: mockThemeConfig,
    theme: "default"
  })
}))', 'vi.mock' is undefined)
      at C:\dev\portfolio-frontend\src\components\molecules\terminal\test\command-suggestions.test.tsx:16:4
      at loadAndEvaluateModule (2:1)
-------------------------------


src\components\molecules\terminal\test\history-search-panel.test.tsx:

# Unhandled error between tests
-------------------------------
11 |     accent: "#00ff00",
12 |     border: "#333333",
13 |   },
14 | };
15 | 
16 | vi.mock("@/hooks/use-theme", () => ({
        ^
TypeError: vi.mock is not a function. (In 'vi.mock("@/hooks/use-theme", () => ({
  useTheme: () => ({
    themeConfig: mockThemeConfig
  })
}))', 'vi.mock' is undefined)
      at C:\dev\portfolio-frontend\src\components\molecules\terminal\test\history-search-panel.test.tsx:16:4
      at loadAndEvaluateModule (2:1)
-------------------------------


src\components\molecules\terminal\test\interactive-command-history.test.tsx:

# Unhandled error between tests
-------------------------------
11 |     accent: "#00ff00",
12 |     border: "#333333",
13 |   },
14 | };
15 | 
16 | vi.mock("@/hooks/use-theme", () => ({
        ^
TypeError: vi.mock is not a function. (In 'vi.mock("@/hooks/use-theme", () => ({
  useTheme: () => ({
    themeConfig: mockThemeConfig
  })
}))', 'vi.mock' is undefined)
      at C:\dev\portfolio-frontend\src\components\molecules\terminal\test\interactive-command-history.test.tsx:16:4
      at loadAndEvaluateModule (2:1)
-------------------------------


src\components\molecules\terminal\test\keyboard-shortcuts.test.tsx:

# Unhandled error between tests
-------------------------------
14 |     accent: "#00ff00",
15 |     border: "#333333",
16 |   },
17 | };
18 | 
19 | vi.mock("@/hooks/use-theme", () => ({
        ^
TypeError: vi.mock is not a function. (In 'vi.mock("@/hooks/use-theme", () => ({
  useTheme: () => ({
    themeConfig: mockThemeConfig
  })
}))', 'vi.mock' is undefined)
      at C:\dev\portfolio-frontend\src\components\molecules\terminal\test\keyboard-shortcuts.test.tsx:19:4
      at loadAndEvaluateModule (2:1)
-------------------------------


src\components\molecules\terminal\test\lazy-theme-loader.test.tsx:

# Unhandled error between tests
-------------------------------
17 |   default: mockThemeConfig,
18 |   dark: { ...mockThemeConfig, name: "dark" },
19 |   light: { ...mockThemeConfig, name: "light" },
20 | };
21 | 
22 | vi.mock("@/lib/themes/theme-config", () => ({
        ^
TypeError: vi.mock is not a function. (In 'vi.mock("@/lib/themes/theme-config", () => ({
  themes: mockThemes
}))', 'vi.mock' is undefined)
      at C:\dev\portfolio-frontend\src\components\molecules\terminal\test\lazy-theme-loader.test.tsx:22:4
      at loadAndEvaluateModule (2:1)
-------------------------------


src\components\molecules\terminal\test\real-time-performance-monitor.test.tsx:

# Unhandled error between tests
-------------------------------
14 |     warning: "#ffaa00",
15 |     error: "#ff4444",
16 |   },
17 | };
18 | 
19 | vi.mock("@/hooks/use-theme", () => ({
        ^
TypeError: vi.mock is not a function. (In 'vi.mock("@/hooks/use-theme", () => ({
  useTheme: () => ({
    themeConfig: mockThemeConfig
  })
}))', 'vi.mock' is undefined)
      at C:\dev\portfolio-frontend\src\components\molecules\terminal\test\real-time-performance-monitor.test.tsx:19:4
      at loadAndEvaluateModule (2:1)
-------------------------------


src\components\molecules\terminal\test\tab-completion.test.tsx:

# Unhandled error between tests
-------------------------------
12 |     border: "#333333",
13 |     muted: "#888888",
14 |   },
15 | };
16 | 
17 | vi.mock("@/hooks/use-theme", () => ({
        ^
TypeError: vi.mock is not a function. (In 'vi.mock("@/hooks/use-theme", () => ({
  useTheme: () => ({
    themeConfig: mockThemeConfig,
    theme: "default"
  })
}))', 'vi.mock' is undefined)
      at C:\dev\portfolio-frontend\src\components\molecules\terminal\test\tab-completion.test.tsx:17:4
      at loadAndEvaluateModule (2:1)
-------------------------------


src\components\molecules\terminal\test\terminal-loading-progress.test.tsx:

# Unhandled error between tests
-------------------------------
14 |     border: "#333333",
15 |     success: "#00ff41",
16 |   },
17 | };
18 | 
19 | vi.mock("@/hooks/use-theme", () => ({
        ^
TypeError: vi.mock is not a function. (In 'vi.mock("@/hooks/use-theme", () => ({
  useTheme: () => ({
    themeConfig: mockThemeConfig,
    theme: "default",
    mounted: !0
  })
}))', 'vi.mock' is undefined)
      at C:\dev\portfolio-frontend\src\components\molecules\terminal\test\terminal-loading-progress.test.tsx:19:4
      at loadAndEvaluateModule (2:1)
-------------------------------


src\components\molecules\terminal\test\virtualized-history.test.tsx:

# Unhandled error between tests
-------------------------------
12 |     accent: "#00ff00",
13 |     border: "#333333",
14 |   },
15 | };
16 | 
17 | vi.mock("@/hooks/use-theme", () => ({
        ^
TypeError: vi.mock is not a function. (In 'vi.mock("@/hooks/use-theme", () => ({
  useTheme: () => ({
    themeConfig: mockThemeConfig,
    theme: "default"
  })
}))', 'vi.mock' is undefined)
      at C:\dev\portfolio-frontend\src\components\molecules\terminal\test\virtualized-history.test.tsx:17:4
      at loadAndEvaluateModule (2:1)
-------------------------------


src\components\molecules\terminal\test\virtualized-terminal-history.test.tsx:

# Unhandled error between tests
-------------------------------
12 |     accent: "#00ff00",
13 |     border: "#333333",
14 |   },
15 | };
16 | 
17 | vi.mock("@/hooks/use-theme", () => ({
        ^
TypeError: vi.mock is not a function. (In 'vi.mock("@/hooks/use-theme", () => ({
  useTheme: () => ({
    themeConfig: mockThemeConfig
  })
}))', 'vi.mock' is undefined)
      at C:\dev\portfolio-frontend\src\components\molecules\terminal\test\virtualized-terminal-history.test.tsx:17:4
      at loadAndEvaluateModule (2:1)
-------------------------------


src\components\organisms\accessibility\test\accessibility-provider.test.tsx:
(pass) AccessibilityProvider > Rendering > should render children
(pass) AccessibilityProvider > Rendering > should render aria-live region for announcements
(pass) AccessibilityProvider > Context Values > should provide default context values
(pass) AccessibilityProvider > Context Values > should load fontSize from localStorage
(pass) AccessibilityProvider > Context Values > should load focusMode from localStorage
(pass) AccessibilityProvider > Media Query Detection > should detect high contrast preference
(pass) AccessibilityProvider > Media Query Detection > should detect reduced motion preference
(pass) AccessibilityProvider > Media Query Detection > should update on media query changes
(pass) AccessibilityProvider > Font Size Management > should set fontSize and update CSS variable
(pass) AccessibilityProvider > Font Size Management > should persist fontSize to localStorage
(pass) AccessibilityProvider > Focus Mode Management > should toggle focus mode
(pass) AccessibilityProvider > Focus Mode Management > should persist focusMode to localStorage
(pass) AccessibilityProvider > Focus Mode Management > should remove focus-mode class when disabled
(pass) AccessibilityProvider > Announcements > should announce messages with polite priority by default
(pass) AccessibilityProvider > Announcements > should announce messages with assertive priority
(pass) AccessibilityProvider > Announcements > should clear announcement after timeout
(pass) AccessibilityProvider > useAccessibility Hook > should throw error when used outside provider
(pass) AccessibilityProvider > useAccessibility Hook > should return context when used inside provider
(pass) AccessibilityProvider > Cleanup > should remove event listeners on unmount

src\components\organisms\admin\test\error-handler.test.tsx:
(pass) ErrorHandler > Rendering > should not render when all services are connected
(pass) ErrorHandler > Rendering > should render when services are disconnected
(pass) ErrorHandler > Rendering > should display service status
(pass) ErrorHandler > Rendering > should show error message when present
(pass) ErrorHandler > Service Health Checks > should check backend health
(pass) ErrorHandler > Service Health Checks > should check database health
(pass) ErrorHandler > Service Health Checks > should check redis health [16.00ms]
(pass) ErrorHandler > Status Display > should show connected status
(pass) ErrorHandler > Status Display > should show disconnected status
(pass) ErrorHandler > Status Display > should show checking status initially
(pass) ErrorHandler > Callbacks > should call onError when health check fails
(pass) ErrorHandler > Callbacks > should call onRecovery when all services are connected
(pass) ErrorHandler > Interaction > should refresh health check when refresh button is clicked
(pass) ErrorHandler > Interaction > should disable refresh button when checking
(pass) ErrorHandler > Troubleshooting Guide > should show troubleshooting guide for disconnected backend
(pass) ErrorHandler > Troubleshooting Guide > should show troubleshooting guide for disconnected database
(pass) ErrorHandler > Health Dashboard Links > should have health dashboard button

src\components\organisms\admin\test\logging-monitor.test.tsx:
(pass) LoggingMonitor > Rendering > should render logging monitor

# Unhandled error between tests
-------------------------------
29 |     ensureDocumentBody();
30 |     vi.clearAllMocks();
31 |   });
32 | 
33 |   afterEach(() => {
34 |     vi.clearAllTimers();
            ^
TypeError: vi.clearAllTimers is not a function. (In 'vi.clearAllTimers()', 'vi.clearAllTimers' is undefined)
      at <anonymous> (C:\dev\portfolio-frontend\src\components\organisms\admin\test\logging-monitor.test.tsx:34:8)
-------------------------------

(pass) LoggingMonitor > Rendering > should display initial logs

# Unhandled error between tests
-------------------------------
29 |     ensureDocumentBody();
30 |     vi.clearAllMocks();
31 |   });
32 | 
33 |   afterEach(() => {
34 |     vi.clearAllTimers();
            ^
TypeError: vi.clearAllTimers is not a function. (In 'vi.clearAllTimers()', 'vi.clearAllTimers' is undefined)
      at <anonymous> (C:\dev\portfolio-frontend\src\components\organisms\admin\test\logging-monitor.test.tsx:34:8)
-------------------------------

(pass) LoggingMonitor > Rendering > should show log statistics

# Unhandled error between tests
-------------------------------
29 |     ensureDocumentBody();
30 |     vi.clearAllMocks();
31 |   });
32 | 
33 |   afterEach(() => {
34 |     vi.clearAllTimers();
            ^
TypeError: vi.clearAllTimers is not a function. (In 'vi.clearAllTimers()', 'vi.clearAllTimers' is undefined)
      at <anonymous> (C:\dev\portfolio-frontend\src\components\organisms\admin\test\logging-monitor.test.tsx:34:8)
-------------------------------

(pass) LoggingMonitor > Log Generation > should generate new logs periodically

# Unhandled error between tests
-------------------------------
29 |     ensureDocumentBody();
30 |     vi.clearAllMocks();
31 |   });
32 | 
33 |   afterEach(() => {
34 |     vi.clearAllTimers();
            ^
TypeError: vi.clearAllTimers is not a function. (In 'vi.clearAllTimers()', 'vi.clearAllTimers' is undefined)
      at <anonymous> (C:\dev\portfolio-frontend\src\components\organisms\admin\test\logging-monitor.test.tsx:34:8)
-------------------------------

(pass) LoggingMonitor > Log Generation > should stop generating logs when paused

# Unhandled error between tests
-------------------------------
29 |     ensureDocumentBody();
30 |     vi.clearAllMocks();
31 |   });
32 | 
33 |   afterEach(() => {
34 |     vi.clearAllTimers();
            ^
TypeError: vi.clearAllTimers is not a function. (In 'vi.clearAllTimers()', 'vi.clearAllTimers' is undefined)
      at <anonymous> (C:\dev\portfolio-frontend\src\components\organisms\admin\test\logging-monitor.test.tsx:34:8)
-------------------------------

(pass) LoggingMonitor > Log Generation > should resume log generation when resumed

# Unhandled error between tests
-------------------------------
29 |     ensureDocumentBody();
30 |     vi.clearAllMocks();
31 |   });
32 | 
33 |   afterEach(() => {
34 |     vi.clearAllTimers();
            ^
TypeError: vi.clearAllTimers is not a function. (In 'vi.clearAllTimers()', 'vi.clearAllTimers' is undefined)
      at <anonymous> (C:\dev\portfolio-frontend\src\components\organisms\admin\test\logging-monitor.test.tsx:34:8)
-------------------------------

(pass) LoggingMonitor > Filtering > should filter logs by search term

# Unhandled error between tests
-------------------------------
29 |     ensureDocumentBody();
30 |     vi.clearAllMocks();
31 |   });
32 | 
33 |   afterEach(() => {
34 |     vi.clearAllTimers();
            ^
TypeError: vi.clearAllTimers is not a function. (In 'vi.clearAllTimers()', 'vi.clearAllTimers' is undefined)
      at <anonymous> (C:\dev\portfolio-frontend\src\components\organisms\admin\test\logging-monitor.test.tsx:34:8)
-------------------------------

(pass) LoggingMonitor > Filtering > should filter logs by level

# Unhandled error between tests
-------------------------------
29 |     ensureDocumentBody();
30 |     vi.clearAllMocks();
31 |   });
32 | 
33 |   afterEach(() => {
34 |     vi.clearAllTimers();
            ^
TypeError: vi.clearAllTimers is not a function. (In 'vi.clearAllTimers()', 'vi.clearAllTimers' is undefined)
      at <anonymous> (C:\dev\portfolio-frontend\src\components\organisms\admin\test\logging-monitor.test.tsx:34:8)
-------------------------------

(pass) LoggingMonitor > Filtering > should filter logs by source

# Unhandled error between tests
-------------------------------
29 |     ensureDocumentBody();
30 |     vi.clearAllMocks();
31 |   });
32 | 
33 |   afterEach(() => {
34 |     vi.clearAllTimers();
            ^
TypeError: vi.clearAllTimers is not a function. (In 'vi.clearAllTimers()', 'vi.clearAllTimers' is undefined)
      at <anonymous> (C:\dev\portfolio-frontend\src\components\organisms\admin\test\logging-monitor.test.tsx:34:8)
-------------------------------

(pass) LoggingMonitor > Filtering > should show no logs message when filters match nothing

# Unhandled error between tests
-------------------------------
29 |     ensureDocumentBody();
30 |     vi.clearAllMocks();
31 |   });
32 | 
33 |   afterEach(() => {
34 |     vi.clearAllTimers();
            ^
TypeError: vi.clearAllTimers is not a function. (In 'vi.clearAllTimers()', 'vi.clearAllTimers' is undefined)
      at <anonymous> (C:\dev\portfolio-frontend\src\components\organisms\admin\test\logging-monitor.test.tsx:34:8)
-------------------------------

(pass) LoggingMonitor > Actions > should clear all logs

# Unhandled error between tests
-------------------------------
29 |     ensureDocumentBody();
30 |     vi.clearAllMocks();
31 |   });
32 | 
33 |   afterEach(() => {
34 |     vi.clearAllTimers();
            ^
TypeError: vi.clearAllTimers is not a function. (In 'vi.clearAllTimers()', 'vi.clearAllTimers' is undefined)
      at <anonymous> (C:\dev\portfolio-frontend\src\components\organisms\admin\test\logging-monitor.test.tsx:34:8)
-------------------------------

(pass) LoggingMonitor > Actions > should export logs

# Unhandled error between tests
-------------------------------
29 |     ensureDocumentBody();
30 |     vi.clearAllMocks();
31 |   });
32 | 
33 |   afterEach(() => {
34 |     vi.clearAllTimers();
            ^
TypeError: vi.clearAllTimers is not a function. (In 'vi.clearAllTimers()', 'vi.clearAllTimers' is undefined)
      at <anonymous> (C:\dev\portfolio-frontend\src\components\organisms\admin\test\logging-monitor.test.tsx:34:8)
-------------------------------

(pass) LoggingMonitor > Actions > should toggle auto-scroll

# Unhandled error between tests
-------------------------------
29 |     ensureDocumentBody();
30 |     vi.clearAllMocks();
31 |   });
32 | 
33 |   afterEach(() => {
34 |     vi.clearAllTimers();
            ^
TypeError: vi.clearAllTimers is not a function. (In 'vi.clearAllTimers()', 'vi.clearAllTimers' is undefined)
      at <anonymous> (C:\dev\portfolio-frontend\src\components\organisms\admin\test\logging-monitor.test.tsx:34:8)
-------------------------------

(pass) LoggingMonitor > Log Display > should display log timestamps

# Unhandled error between tests
-------------------------------
29 |     ensureDocumentBody();
30 |     vi.clearAllMocks();
31 |   });
32 | 
33 |   afterEach(() => {
34 |     vi.clearAllTimers();
            ^
TypeError: vi.clearAllTimers is not a function. (In 'vi.clearAllTimers()', 'vi.clearAllTimers' is undefined)
      at <anonymous> (C:\dev\portfolio-frontend\src\components\organisms\admin\test\logging-monitor.test.tsx:34:8)
-------------------------------

(pass) LoggingMonitor > Log Display > should display log levels with correct colors

# Unhandled error between tests
-------------------------------
29 |     ensureDocumentBody();
30 |     vi.clearAllMocks();
31 |   });
32 | 
33 |   afterEach(() => {
34 |     vi.clearAllTimers();
            ^
TypeError: vi.clearAllTimers is not a function. (In 'vi.clearAllTimers()', 'vi.clearAllTimers' is undefined)
      at <anonymous> (C:\dev\portfolio-frontend\src\components\organisms\admin\test\logging-monitor.test.tsx:34:8)
-------------------------------

(pass) LoggingMonitor > Log Display > should display log sources

# Unhandled error between tests
-------------------------------
29 |     ensureDocumentBody();
30 |     vi.clearAllMocks();
31 |   });
32 | 
33 |   afterEach(() => {
34 |     vi.clearAllTimers();
            ^
TypeError: vi.clearAllTimers is not a function. (In 'vi.clearAllTimers()', 'vi.clearAllTimers' is undefined)
      at <anonymous> (C:\dev\portfolio-frontend\src\components\organisms\admin\test\logging-monitor.test.tsx:34:8)
-------------------------------

(pass) LoggingMonitor > Log Display > should display log messages

# Unhandled error between tests
-------------------------------
29 |     ensureDocumentBody();
30 |     vi.clearAllMocks();
31 |   });
32 | 
33 |   afterEach(() => {
34 |     vi.clearAllTimers();
            ^
TypeError: vi.clearAllTimers is not a function. (In 'vi.clearAllTimers()', 'vi.clearAllTimers' is undefined)
      at <anonymous> (C:\dev\portfolio-frontend\src\components\organisms\admin\test\logging-monitor.test.tsx:34:8)
-------------------------------

(pass) LoggingMonitor > Log Limits > should limit logs to 1000 entries

# Unhandled error between tests
-------------------------------
29 |     ensureDocumentBody();
30 |     vi.clearAllMocks();
31 |   });
32 | 
33 |   afterEach(() => {
34 |     vi.clearAllTimers();
            ^
TypeError: vi.clearAllTimers is not a function. (In 'vi.clearAllTimers()', 'vi.clearAllTimers' is undefined)
      at <anonymous> (C:\dev\portfolio-frontend\src\components\organisms\admin\test\logging-monitor.test.tsx:34:8)
-------------------------------

(pass) LoggingMonitor > Edge Cases > should handle empty log list

# Unhandled error between tests
-------------------------------
29 |     ensureDocumentBody();
30 |     vi.clearAllMocks();
31 |   });
32 | 
33 |   afterEach(() => {
34 |     vi.clearAllTimers();
            ^
TypeError: vi.clearAllTimers is not a function. (In 'vi.clearAllTimers()', 'vi.clearAllTimers' is undefined)
      at <anonymous> (C:\dev\portfolio-frontend\src\components\organisms\admin\test\logging-monitor.test.tsx:34:8)
-------------------------------

(pass) LoggingMonitor > Edge Cases > should handle log details when present

# Unhandled error between tests
-------------------------------
29 |     ensureDocumentBody();
30 |     vi.clearAllMocks();
31 |   });
32 | 
33 |   afterEach(() => {
34 |     vi.clearAllTimers();
            ^
TypeError: vi.clearAllTimers is not a function. (In 'vi.clearAllTimers()', 'vi.clearAllTimers' is undefined)
      at <anonymous> (C:\dev\portfolio-frontend\src\components\organisms\admin\test\logging-monitor.test.tsx:34:8)
-------------------------------


src\components\organisms\admin\test\performance-monitor.test.tsx:
(pass) PerformanceMonitor > Rendering > should render performance monitor

# Unhandled error between tests
-------------------------------
43 |     // Mock canvas getContext
44 |     HTMLCanvasElement.prototype.getContext = vi.fn(() => mockCanvasContext as any);
45 |   });
46 | 
47 |   afterEach(() => {
48 |     vi.clearAllTimers();
            ^
TypeError: vi.clearAllTimers is not a function. (In 'vi.clearAllTimers()', 'vi.clearAllTimers' is undefined)
      at <anonymous> (C:\dev\portfolio-frontend\src\components\organisms\admin\test\performance-monitor.test.tsx:48:8)
-------------------------------

(pass) PerformanceMonitor > Rendering > should render canvas for visualization

# Unhandled error between tests
-------------------------------
43 |     // Mock canvas getContext
44 |     HTMLCanvasElement.prototype.getContext = vi.fn(() => mockCanvasContext as any);
45 |   });
46 | 
47 |   afterEach(() => {
48 |     vi.clearAllTimers();
            ^
TypeError: vi.clearAllTimers is not a function. (In 'vi.clearAllTimers()', 'vi.clearAllTimers' is undefined)
      at <anonymous> (C:\dev\portfolio-frontend\src\components\organisms\admin\test\performance-monitor.test.tsx:48:8)
-------------------------------

(pass) PerformanceMonitor > Rendering > should display current metrics

# Unhandled error between tests
-------------------------------
43 |     // Mock canvas getContext
44 |     HTMLCanvasElement.prototype.getContext = vi.fn(() => mockCanvasContext as any);
45 |   });
46 | 
47 |   afterEach(() => {
48 |     vi.clearAllTimers();
            ^
TypeError: vi.clearAllTimers is not a function. (In 'vi.clearAllTimers()', 'vi.clearAllTimers' is undefined)
      at <anonymous> (C:\dev\portfolio-frontend\src\components\organisms\admin\test\performance-monitor.test.tsx:48:8)
-------------------------------

(pass) PerformanceMonitor > Rendering > should display peak values

# Unhandled error between tests
-------------------------------
43 |     // Mock canvas getContext
44 |     HTMLCanvasElement.prototype.getContext = vi.fn(() => mockCanvasContext as any);
45 |   });
46 | 
47 |   afterEach(() => {
48 |     vi.clearAllTimers();
            ^
TypeError: vi.clearAllTimers is not a function. (In 'vi.clearAllTimers()', 'vi.clearAllTimers' is undefined)
      at <anonymous> (C:\dev\portfolio-frontend\src\components\organisms\admin\test\performance-monitor.test.tsx:48:8)
-------------------------------

(pass) PerformanceMonitor > Rendering > should display average values

# Unhandled error between tests
-------------------------------
43 |     // Mock canvas getContext
44 |     HTMLCanvasElement.prototype.getContext = vi.fn(() => mockCanvasContext as any);
45 |   });
46 | 
47 |   afterEach(() => {
48 |     vi.clearAllTimers();
            ^
TypeError: vi.clearAllTimers is not a function. (In 'vi.clearAllTimers()', 'vi.clearAllTimers' is undefined)
      at <anonymous> (C:\dev\portfolio-frontend\src\components\organisms\admin\test\performance-monitor.test.tsx:48:8)
-------------------------------

(pass) PerformanceMonitor > Metrics Generation > should generate initial performance data

# Unhandled error between tests
-------------------------------
43 |     // Mock canvas getContext
44 |     HTMLCanvasElement.prototype.getContext = vi.fn(() => mockCanvasContext as any);
45 |   });
46 | 
47 |   afterEach(() => {
48 |     vi.clearAllTimers();
            ^
TypeError: vi.clearAllTimers is not a function. (In 'vi.clearAllTimers()', 'vi.clearAllTimers' is undefined)
      at <anonymous> (C:\dev\portfolio-frontend\src\components\organisms\admin\test\performance-monitor.test.tsx:48:8)
-------------------------------

(pass) PerformanceMonitor > Metrics Generation > should update metrics periodically

# Unhandled error between tests
-------------------------------
43 |     // Mock canvas getContext
44 |     HTMLCanvasElement.prototype.getContext = vi.fn(() => mockCanvasContext as any);
45 |   });
46 | 
47 |   afterEach(() => {
48 |     vi.clearAllTimers();
            ^
TypeError: vi.clearAllTimers is not a function. (In 'vi.clearAllTimers()', 'vi.clearAllTimers' is undefined)
      at <anonymous> (C:\dev\portfolio-frontend\src\components\organisms\admin\test\performance-monitor.test.tsx:48:8)
-------------------------------

(pass) PerformanceMonitor > Metrics Generation > should stop updating when paused

# Unhandled error between tests
-------------------------------
43 |     // Mock canvas getContext
44 |     HTMLCanvasElement.prototype.getContext = vi.fn(() => mockCanvasContext as any);
45 |   });
46 | 
47 |   afterEach(() => {
48 |     vi.clearAllTimers();
            ^
TypeError: vi.clearAllTimers is not a function. (In 'vi.clearAllTimers()', 'vi.clearAllTimers' is undefined)
      at <anonymous> (C:\dev\portfolio-frontend\src\components\organisms\admin\test\performance-monitor.test.tsx:48:8)
-------------------------------

(pass) PerformanceMonitor > Metrics Generation > should resume updating when resumed

# Unhandled error between tests
-------------------------------
43 |     // Mock canvas getContext
44 |     HTMLCanvasElement.prototype.getContext = vi.fn(() => mockCanvasContext as any);
45 |   });
46 | 
47 |   afterEach(() => {
48 |     vi.clearAllTimers();
            ^
TypeError: vi.clearAllTimers is not a function. (In 'vi.clearAllTimers()', 'vi.clearAllTimers' is undefined)
      at <anonymous> (C:\dev\portfolio-frontend\src\components\organisms\admin\test\performance-monitor.test.tsx:48:8)
-------------------------------

(pass) PerformanceMonitor > Refresh Rate > should allow changing refresh rate

# Unhandled error between tests
-------------------------------
43 |     // Mock canvas getContext
44 |     HTMLCanvasElement.prototype.getContext = vi.fn(() => mockCanvasContext as any);
45 |   });
46 | 
47 |   afterEach(() => {
48 |     vi.clearAllTimers();
            ^
TypeError: vi.clearAllTimers is not a function. (In 'vi.clearAllTimers()', 'vi.clearAllTimers' is undefined)
      at <anonymous> (C:\dev\portfolio-frontend\src\components\organisms\admin\test\performance-monitor.test.tsx:48:8)
-------------------------------

(pass) PerformanceMonitor > Refresh Rate > should update at different refresh rates

# Unhandled error between tests
-------------------------------
43 |     // Mock canvas getContext
44 |     HTMLCanvasElement.prototype.getContext = vi.fn(() => mockCanvasContext as any);
45 |   });
46 | 
47 |   afterEach(() => {
48 |     vi.clearAllTimers();
            ^
TypeError: vi.clearAllTimers is not a function. (In 'vi.clearAllTimers()', 'vi.clearAllTimers' is undefined)
      at <anonymous> (C:\dev\portfolio-frontend\src\components\organisms\admin\test\performance-monitor.test.tsx:48:8)
-------------------------------

(pass) PerformanceMonitor > Canvas Rendering > should render canvas with correct dimensions

# Unhandled error between tests
-------------------------------
43 |     // Mock canvas getContext
44 |     HTMLCanvasElement.prototype.getContext = vi.fn(() => mockCanvasContext as any);
45 |   });
46 | 
47 |   afterEach(() => {
48 |     vi.clearAllTimers();
            ^
TypeError: vi.clearAllTimers is not a function. (In 'vi.clearAllTimers()', 'vi.clearAllTimers' is undefined)
      at <anonymous> (C:\dev\portfolio-frontend\src\components\organisms\admin\test\performance-monitor.test.tsx:48:8)
-------------------------------

(pass) PerformanceMonitor > Canvas Rendering > should draw performance graphs on canvas

# Unhandled error between tests
-------------------------------
43 |     // Mock canvas getContext
44 |     HTMLCanvasElement.prototype.getContext = vi.fn(() => mockCanvasContext as any);
45 |   });
46 | 
47 |   afterEach(() => {
48 |     vi.clearAllTimers();
            ^
TypeError: vi.clearAllTimers is not a function. (In 'vi.clearAllTimers()', 'vi.clearAllTimers' is undefined)
      at <anonymous> (C:\dev\portfolio-frontend\src\components\organisms\admin\test\performance-monitor.test.tsx:48:8)
-------------------------------

(pass) PerformanceMonitor > Canvas Rendering > should draw grid lines

# Unhandled error between tests
-------------------------------
43 |     // Mock canvas getContext
44 |     HTMLCanvasElement.prototype.getContext = vi.fn(() => mockCanvasContext as any);
45 |   });
46 | 
47 |   afterEach(() => {
48 |     vi.clearAllTimers();
            ^
TypeError: vi.clearAllTimers is not a function. (In 'vi.clearAllTimers()', 'vi.clearAllTimers' is undefined)
      at <anonymous> (C:\dev\portfolio-frontend\src\components\organisms\admin\test\performance-monitor.test.tsx:48:8)
-------------------------------

(pass) PerformanceMonitor > Canvas Rendering > should draw performance lines

# Unhandled error between tests
-------------------------------
43 |     // Mock canvas getContext
44 |     HTMLCanvasElement.prototype.getContext = vi.fn(() => mockCanvasContext as any);
45 |   });
46 | 
47 |   afterEach(() => {
48 |     vi.clearAllTimers();
            ^
TypeError: vi.clearAllTimers is not a function. (In 'vi.clearAllTimers()', 'vi.clearAllTimers' is undefined)
      at <anonymous> (C:\dev\portfolio-frontend\src\components\organisms\admin\test\performance-monitor.test.tsx:48:8)
-------------------------------

(pass) PerformanceMonitor > Canvas Rendering > should draw legend

# Unhandled error between tests
-------------------------------
43 |     // Mock canvas getContext
44 |     HTMLCanvasElement.prototype.getContext = vi.fn(() => mockCanvasContext as any);
45 |   });
46 | 
47 |   afterEach(() => {
48 |     vi.clearAllTimers();
            ^
TypeError: vi.clearAllTimers is not a function. (In 'vi.clearAllTimers()', 'vi.clearAllTimers' is undefined)
      at <anonymous> (C:\dev\portfolio-frontend\src\components\organisms\admin\test\performance-monitor.test.tsx:48:8)
-------------------------------

(pass) PerformanceMonitor > Statistics Calculation > should calculate peak values

# Unhandled error between tests
-------------------------------
43 |     // Mock canvas getContext
44 |     HTMLCanvasElement.prototype.getContext = vi.fn(() => mockCanvasContext as any);
45 |   });
46 | 
47 |   afterEach(() => {
48 |     vi.clearAllTimers();
            ^
TypeError: vi.clearAllTimers is not a function. (In 'vi.clearAllTimers()', 'vi.clearAllTimers' is undefined)
      at <anonymous> (C:\dev\portfolio-frontend\src\components\organisms\admin\test\performance-monitor.test.tsx:48:8)
-------------------------------

(pass) PerformanceMonitor > Statistics Calculation > should calculate average values

# Unhandled error between tests
-------------------------------
43 |     // Mock canvas getContext
44 |     HTMLCanvasElement.prototype.getContext = vi.fn(() => mockCanvasContext as any);
45 |   });
46 | 
47 |   afterEach(() => {
48 |     vi.clearAllTimers();
            ^
TypeError: vi.clearAllTimers is not a function. (In 'vi.clearAllTimers()', 'vi.clearAllTimers' is undefined)
      at <anonymous> (C:\dev\portfolio-frontend\src\components\organisms\admin\test\performance-monitor.test.tsx:48:8)
-------------------------------

(pass) PerformanceMonitor > Statistics Calculation > should handle empty data

# Unhandled error between tests
-------------------------------
43 |     // Mock canvas getContext
44 |     HTMLCanvasElement.prototype.getContext = vi.fn(() => mockCanvasContext as any);
45 |   });
46 | 
47 |   afterEach(() => {
48 |     vi.clearAllTimers();
            ^
TypeError: vi.clearAllTimers is not a function. (In 'vi.clearAllTimers()', 'vi.clearAllTimers' is undefined)
      at <anonymous> (C:\dev\portfolio-frontend\src\components\organisms\admin\test\performance-monitor.test.tsx:48:8)
-------------------------------

(pass) PerformanceMonitor > Data Limits > should limit data to 60 entries

# Unhandled error between tests
-------------------------------
43 |     // Mock canvas getContext
44 |     HTMLCanvasElement.prototype.getContext = vi.fn(() => mockCanvasContext as any);
45 |   });
46 | 
47 |   afterEach(() => {
48 |     vi.clearAllTimers();
            ^
TypeError: vi.clearAllTimers is not a function. (In 'vi.clearAllTimers()', 'vi.clearAllTimers' is undefined)
      at <anonymous> (C:\dev\portfolio-frontend\src\components\organisms\admin\test\performance-monitor.test.tsx:48:8)
-------------------------------

(pass) PerformanceMonitor > Cleanup > should unmount without error

# Unhandled error between tests
-------------------------------
43 |     // Mock canvas getContext
44 |     HTMLCanvasElement.prototype.getContext = vi.fn(() => mockCanvasContext as any);
45 |   });
46 | 
47 |   afterEach(() => {
48 |     vi.clearAllTimers();
            ^
TypeError: vi.clearAllTimers is not a function. (In 'vi.clearAllTimers()', 'vi.clearAllTimers' is undefined)
      at <anonymous> (C:\dev\portfolio-frontend\src\components\organisms\admin\test\performance-monitor.test.tsx:48:8)
-------------------------------


src\components\organisms\customization\test\customization-manager.test.tsx:

# Unhandled error between tests
-------------------------------
 5 | 
 6 | // Mock dependencies
 7 | const mockGetAllThemes = vi.fn(() => []);
 8 | const mockGetAllFonts = vi.fn(() => []);
 9 | 
10 | vi.mock("@/lib/services/customization-service", () => ({
        ^
TypeError: vi.mock is not a function. (In 'vi.mock("@/lib/services/customization-service", () => ({
  CustomizationService: {
    getInstance: () => ({
      getAllThemes: mockGetAllThemes,
      getAllFonts: mockGetAllFonts
    })
  }
}))', 'vi.mock' is undefined)
      at C:\dev\portfolio-frontend\src\components\organisms\customization\test\customization-manager.test.tsx:10:4
      at loadAndEvaluateModule (2:1)
-------------------------------


src\components\organisms\error\test\command-error-handler.test.tsx:
(pass) CommandErrorHandler > Rendering > should render error message
(pass) CommandErrorHandler > Rendering > should display command that caused error
(pass) CommandErrorHandler > Rendering > should display error icon and title
(pass) CommandErrorHandler > Rendering > should display helpful tip
(pass) CommandErrorHandler > Actions > should call onRetry when retry button is clicked
(pass) CommandErrorHandler > Actions > should call onReport when report button is clicked
(pass) CommandErrorHandler > Error Display > should display error message from Error object
(pass) CommandErrorHandler > Error Display > should handle errors without message
(pass) CommandErrorHandler > Styling > should have error styling classes

src\components\organisms\error\test\error-boundary-root.test.tsx:
(pass) ErrorBoundary (error-boundary-root.tsx) > ErrorBoundary Component > should render children when there is no error
(pass) ErrorBoundary (error-boundary-root.tsx) > ErrorBoundary Component > should catch errors and display default fallback
(pass) ErrorBoundary (error-boundary-root.tsx) > ErrorBoundary Component > should display custom fallback element when provided
(pass) ErrorBoundary (error-boundary-root.tsx) > ErrorBoundary Component > should display custom fallback function when provided
(pass) ErrorBoundary (error-boundary-root.tsx) > ErrorBoundary Component > should call onError callback when error occurs
(pass) ErrorBoundary (error-boundary-root.tsx) > ErrorBoundary Component > should call onReset callback when reset
(pass) ErrorBoundary (error-boundary-root.tsx) > ErrorBoundary Component > should reset error state when reset button is clicked
(pass) ErrorBoundary (error-boundary-root.tsx) > ErrorBoundary Component > should display error details in development mode
(pass) ErrorBoundary (error-boundary-root.tsx) > CompactErrorFallback > should render error message
(pass) ErrorBoundary (error-boundary-root.tsx) > CompactErrorFallback > should call reset when button is clicked
(pass) ErrorBoundary (error-boundary-root.tsx) > withErrorBoundary HOC > should wrap component with error boundary
(pass) ErrorBoundary (error-boundary-root.tsx) > withErrorBoundary HOC > should catch errors in wrapped component
(pass) ErrorBoundary (error-boundary-root.tsx) > AsyncBoundary > should render children when no error
(pass) ErrorBoundary (error-boundary-root.tsx) > AsyncBoundary > should display loading fallback

src\components\organisms\error\test\error-boundary.test.tsx:
(pass) ErrorBoundary (error-boundary.tsx) > renders children when there is no error
(pass) ErrorBoundary (error-boundary.tsx) > catches errors and displays default fallback
(pass) ErrorBoundary (error-boundary.tsx) > displays custom fallback when provided
(pass) ErrorBoundary (error-boundary.tsx) > has refresh page button
(pass) ErrorBoundary (error-boundary.tsx) > has try again button that resets error state
(pass) ErrorBoundary (error-boundary.tsx) > displays error details when available

src\components\organisms\error\test\image-error-boundary.test.tsx:
(pass) ImageErrorBoundary > Rendering > should render children when there is no error
(pass) ImageErrorBoundary > Rendering > should render image when no error
(pass) ImageErrorBoundary > Error Handling > should catch errors and display default fallback
(pass) ImageErrorBoundary > Error Handling > should display custom fallback when provided
(pass) ImageErrorBoundary > Error Handling > should log error to console
(pass) ImageErrorBoundary > Default Fallback > should display image icon
(pass) ImageErrorBoundary > Default Fallback > should have proper styling classes
(pass) ImageErrorBoundary > State Management > should reset error state when children change

src\components\organisms\onboarding\test\guided-tour.test.tsx:

# Unhandled error between tests
-------------------------------
 9 | // Mock dependencies
10 | const mockAnnounceMessage = vi.fn();
11 | const mockIsReducedMotion = false;
12 | 
13 | // Mock accessibility provider - only for this test file
14 | vi.mock("@/components/organisms/accessibility/accessibility-provider", () => ({
        ^
TypeError: vi.mock is not a function. (In 'vi.mock("@/components/organisms/accessibility/accessibility-provider", () => ({
  useAccessibility: () => ({
    announceMessage: mockAnnounceMessage,
    isReducedMotion: mockIsReducedMotion
  })
}))', 'vi.mock' is undefined)
      at C:\dev\portfolio-frontend\src\components\organisms\onboarding\test\guided-tour.test.tsx:14:4
      at loadAndEvaluateModule (2:1)
-------------------------------


src\components\organisms\onboarding\test\tour-steps.test.ts:
(pass) tour-steps > TourStep Interface > should have correct type structure
(pass) tour-steps > TourStep Interface > should allow optional properties
(pass) tour-steps > TOUR_STEPS > should be an array
(pass) tour-steps > TOUR_STEPS > should have at least one step
(pass) tour-steps > TOUR_STEPS > should have welcome step as first step
(pass) tour-steps > TOUR_STEPS > should have complete step as last step
(pass) tour-steps > TOUR_STEPS > should have all required properties for each step
(pass) tour-steps > TOUR_STEPS > should have valid position values
(pass) tour-steps > TOUR_STEPS > should have unique step IDs
(pass) tour-steps > TOUR_STEPS > should have command-input step with target
(pass) tour-steps > TOUR_STEPS > should have steps with demo commands
(pass) tour-steps > TOUR_STEPS > should have steps with tips
(pass) tour-steps > Constants > should export TOUR_STORAGE_KEY
(pass) tour-steps > Constants > should export TOUR_VERSION
(pass) tour-steps > Step Content Quality > should have non-empty titles
(pass) tour-steps > Step Content Quality > should have non-empty content
(pass) tour-steps > Step Content Quality > should have non-empty icons
(pass) tour-steps > Step Content Quality > should have tips as arrays when provided

src\components\organisms\performance\test\performance-dashboard.test.tsx:

# Unhandled error between tests
-------------------------------
24 | }));
25 | 
26 | const mockClearMetrics = vi.fn();
27 | const mockExportMetrics = vi.fn(() => JSON.stringify({ test: "data" }));
28 | 
29 | vi.mock("@/lib/performance/performance-monitor", () => ({
        ^
TypeError: vi.mock is not a function. (In 'vi.mock("@/lib/performance/performance-monitor", () => ({
  PerformanceMonitor: {
    getInstance: () => ({
      getReport: mockGetReport,
      clearMetrics: mockClearMetrics,
      exportMetrics: mockExportMetrics
    })
  }
}))', 'vi.mock' is undefined)
      at C:\dev\portfolio-frontend\src\components\organisms\performance\test\performance-dashboard.test.tsx:29:4
      at loadAndEvaluateModule (2:1)
-------------------------------


src\components\organisms\performance\test\performance-index.test.tsx:
(pass) performance-index.tsx > Exports > should export PerformanceMonitor
(pass) performance-index.tsx > Exports > should export PerformanceProfiler
(pass) performance-index.tsx > Exports > should export usePerfMeasure
(pass) performance-index.tsx > Exports > should export PerformanceDashboard
(pass) performance-index.tsx > PerformanceMonitor > should be a singleton
(pass) performance-index.tsx > PerformanceMonitor > should record and retrieve metrics
(pass) performance-index.tsx > PerformanceProfiler > should render children

src\components\organisms\performance\test\performance-monitor.test.tsx:
(pass) PerformanceMonitor (performance-index.tsx) > PerformanceMonitor Class > should be a singleton
(pass) PerformanceMonitor (performance-index.tsx) > PerformanceMonitor Class > should record metrics
(pass) PerformanceMonitor (performance-index.tsx) > PerformanceMonitor Class > should calculate average metrics
(pass) PerformanceMonitor (performance-index.tsx) > PerformanceMonitor Class > should return 0 for non-existent metrics
(pass) PerformanceMonitor (performance-index.tsx) > PerformanceMonitor Class > should measure operations
(pass) PerformanceMonitor (performance-index.tsx) > PerformanceMonitor Class > should limit metrics to 100 entries
(pass) PerformanceMonitor (performance-index.tsx) > PerformanceProfiler Component > should render children
(pass) PerformanceMonitor (performance-index.tsx) > PerformanceProfiler Component > should call onRender callback
(pass) PerformanceMonitor (performance-index.tsx) > usePerfMeasure Hook > should provide measure functions

src\components\organisms\projects\test\projects-loading.test.tsx:
(pass) ProjectsLoading > Rendering > should render loading skeletons
(pass) ProjectsLoading > Rendering > should render 6 skeleton cards
(pass) ProjectsLoading > Rendering > should have proper grid layout

src\components\organisms\pwa\test\pwa-registration.test.tsx:

# Unhandled error between tests
-------------------------------
2 | import { render, waitFor } from "@testing-library/react";
3 | import { canRunTests, ensureDocumentBody } from "@/test/test-helpers";
4 | import { PWARegistration } from "../pwa-registration";
5 | 
6 | // Mock PWAInstallPrompt
7 | vi.mock("@/components/molecules/pwa/pwa-install-prompt", () => ({
       ^
TypeError: vi.mock is not a function. (In 'vi.mock("@/components/molecules/pwa/pwa-install-prompt", () => ({
  PWAInstallPrompt: ({ onInstall, onDismiss }) => jsxDEV_7x81h0kn("div", {
    "data-testid": "pwa-install-prompt",
    children: [
      jsxDEV_7x81h0kn("button", {
        onClick: onInstall,
        children: "Install"
      }, void 0, !1, void 0, this),
      jsxDEV_7x81h0kn("button", {
        onClick: onDismiss,
        children: "Dismiss"
      }, void 0, !1, void 0, this)
    ]
  }, void 0, !0, void 0, this)
}))', 'vi.mock' is undefined)
      at C:\dev\portfolio-frontend\src\components\organisms\pwa\test\pwa-registration.test.tsx:7:4
      at loadAndEvaluateModule (2:1)
-------------------------------


src\components\organisms\roadmap\test\roadmap-overview.test.tsx:

# Unhandled error between tests
-------------------------------
2 | import { render, screen } from "@testing-library/react";
3 | import { canRunTests, ensureDocumentBody } from "@/test/test-helpers";
4 | import { RoadmapOverview } from "../roadmap-overview";
5 | 
6 | // Mock dependencies
7 | vi.mock("@/components/molecules/roadmap/progress-bar", () => ({
       ^
TypeError: vi.mock is not a function. (In 'vi.mock("@/components/molecules/roadmap/progress-bar", () => ({
  ProgressBar: ({ progress }) => jsxDEV_7x81h0kn("div", {
    "data-testid": "progress-bar",
    children: [
      "Progress: ",
      progress,
      "%"
    ]
  }, void 0, !0, void 0, this)
}))', 'vi.mock' is undefined)
      at C:\dev\portfolio-frontend\src\components\organisms\roadmap\test\roadmap-overview.test.tsx:7:4
      at loadAndEvaluateModule (2:1)
-------------------------------


src\components\organisms\roadmap\test\roadmap-visualizer.test.tsx:

# Unhandled error between tests
-------------------------------
2 | import { render, screen, fireEvent } from "@testing-library/react";
3 | import { canRunTests, ensureDocumentBody } from "@/test/test-helpers";
4 | import { RoadmapVisualizer } from "../roadmap-visualizer";
5 | 
6 | // Mock dependencies
7 | vi.mock("@/components/molecules/roadmap/skill-card", () => ({
       ^
TypeError: vi.mock is not a function. (In 'vi.mock("@/components/molecules/roadmap/skill-card", () => ({
  SkillCard: ({ skill }) => jsxDEV_7x81h0kn("div", {
    "data-testid": "skill-card",
    children: skill.name
  }, void 0, !1, void 0, this)
}))', 'vi.mock' is undefined)
      at C:\dev\portfolio-frontend\src\components\organisms\roadmap\test\roadmap-visualizer.test.tsx:7:4
      at loadAndEvaluateModule (2:1)
-------------------------------


src\components\organisms\shared\test\static-content.test.tsx:
(pass) StaticContent > Rendering > should render static content
(pass) StaticContent > Rendering > should have screen reader only content
(pass) StaticContent > Rendering > should have ASCII banner preload
(pass) StaticContent > Rendering > should have structured data script
(pass) StaticContent > Rendering > should contain SEO content

src\components\organisms\shared\test\theme-provider.test.tsx:

# Unhandled error between tests
-------------------------------
 9 |   theme: "dark",
10 |   setTheme: mockSetTheme,
11 |   resolvedTheme: "dark",
12 | }));
13 | 
14 | vi.mock("next-themes", () => ({
        ^
TypeError: vi.mock is not a function. (In 'vi.mock("next-themes", () => ({
  ThemeProvider: ({ children }) => jsxDEV_7x81h0kn("div", {
    children
  }, void 0, !1, void 0, this),
  useTheme: () => mockUseTheme()
}))', 'vi.mock' is undefined)
      at C:\dev\portfolio-frontend\src\components\organisms\shared\test\theme-provider.test.tsx:14:4
      at loadAndEvaluateModule (2:1)
-------------------------------


src\components\organisms\terminal\test\mobile-terminal.test.tsx:

# Unhandled error between tests
-------------------------------
13 |     border: "#333333",
14 |     muted: "#888888",
15 |   },
16 | };
17 | 
18 | vi.mock("@/hooks/use-theme", () => ({
        ^
TypeError: vi.mock is not a function. (In 'vi.mock("@/hooks/use-theme", () => ({
  useTheme: () => ({
    themeConfig: mockThemeConfig,
    theme: "default"
  })
}))', 'vi.mock' is undefined)
      at C:\dev\portfolio-frontend\src\components\organisms\terminal\test\mobile-terminal.test.tsx:18:4
      at loadAndEvaluateModule (2:1)
-------------------------------


src\components\organisms\terminal\test\terminal-features-integration.test.tsx:

# Unhandled error between tests
-------------------------------
14 |     muted: "#888888",
15 |     success: "#00ff00",
16 |   },
17 | };
18 | 
19 | vi.mock("@/hooks/use-theme", () => ({
        ^
TypeError: vi.mock is not a function. (In 'vi.mock("@/hooks/use-theme", () => ({
  useTheme: () => ({
    themeConfig: mockThemeConfig
  })
}))', 'vi.mock' is undefined)
      at C:\dev\portfolio-frontend\src\components\organisms\terminal\test\terminal-features-integration.test.tsx:19:4
      at loadAndEvaluateModule (2:1)
-------------------------------


src\components\organisms\terminal\test\terminal-history.test.tsx:

# Unhandled error between tests
-------------------------------
12 |     accent: "#00ff00",
13 |     prompt: "$",
14 |   },
15 | };
16 | 
17 | vi.mock("@/hooks/use-theme", () => ({
        ^
TypeError: vi.mock is not a function. (In 'vi.mock("@/hooks/use-theme", () => ({
  useTheme: () => ({
    themeConfig: mockThemeConfig,
    theme: "default"
  })
}))', 'vi.mock' is undefined)
      at C:\dev\portfolio-frontend\src\components\organisms\terminal\test\terminal-history.test.tsx:17:4
      at loadAndEvaluateModule (2:1)
-------------------------------


src\components\organisms\terminal\test\terminal.test.tsx:

# Unhandled error between tests
-------------------------------
1 | import { describe, it, expect, vi, beforeEach } from "vitest";
2 | import { canRunTests, ensureDocumentBody } from "@/test/test-helpers";
3 | import { Terminal } from "../terminal";
4 | 
5 | // Mock all dependencies
6 | vi.mock("@/hooks/use-theme", () => ({
       ^
TypeError: vi.mock is not a function. (In 'vi.mock("@/hooks/use-theme", () => ({
  useTheme: vi.fn()
}))', 'vi.mock' is undefined)
      at C:\dev\portfolio-frontend\src\components\organisms\terminal\test\terminal.test.tsx:6:4
      at loadAndEvaluateModule (2:1)
-------------------------------


1 tests skipped:
(skip) ClientLogger > skipped in Bun - use vitest


87 tests failed:

 1141 pass
 1 skip
 87 fail
 136 errors
 4377 expect() calls
Ran 1229 tests across 171 files. [13.79s]
